Working directory: /home/mai.chau/workspace/CoRaL | RUN_DIRS= | MODELS=checkpoints/lora_cpt/gemma-3-1b-pt/random_50M_7languages_ep1_seed42/final google/gemma-3-1b-pt checkpoints/lora_cpt/gemma-3-1b-pt/edu_50M_7languages_ep1_seed42/final checkpoints/lora_cpt/gemma-3-1b-pt/cult_50M_7languages_ep1_seed42/final checkpoints/lora_cpt/gemma-3-1b-pt/avg5_50M_7languages_ep1_seed42/final checkpoints/lora_cpt/gemma-3-1b-pt/rr5_50M_7languages_ep1_seed42/final | DATASETS=wikipedia
Thu Oct  8 16:13:03 2026       
+-----------------------------------------------------------------------------------------+
| NVIDIA-SMI 570.195.03             Driver Version: 570.195.03     CUDA Version: 12.8     |
|-----------------------------------------+------------------------+----------------------+
| GPU  Name                 Persistence-M | Bus-Id          Disp.A | Volatile Uncorr. ECC |
| Fan  Temp   Perf          Pwr:Usage/Cap |           Memory-Usage | GPU-Util  Compute M. |
|                                         |                        |               MIG M. |
|=========================================+========================+======================|
|   0  NVIDIA A100-SXM4-40GB          On  |   00000000:01:00.0 Off |                    0 |
| N/A   33C    P0             53W /  400W |       0MiB /  40960MiB |      0%      Default |
|                                         |                        |             Disabled |
+-----------------------------------------+------------------------+----------------------+
|   1  NVIDIA A100-SXM4-40GB          On  |   00000000:41:00.0 Off |                    0 |
| N/A   33C    P0             53W /  400W |       0MiB /  40960MiB |      0%      Default |
|                                         |                        |             Disabled |
+-----------------------------------------+------------------------+----------------------+
|   2  NVIDIA A100-SXM4-40GB          On  |   00000000:81:00.0 Off |                    0 |
| N/A   56C    P0            338W /  400W |   38335MiB /  40960MiB |    100%      Default |
|                                         |                        |             Disabled |
+-----------------------------------------+------------------------+----------------------+
|   3  NVIDIA A100-SXM4-40GB          On  |   00000000:C1:00.0 Off |                    0 |
| N/A   59C    P0            422W /  400W |   38335MiB /  40960MiB |    100%      Default |
|                                         |                        |             Disabled |
+-----------------------------------------+------------------------+----------------------+
                                                                                         
+-----------------------------------------------------------------------------------------+
| Processes:                                                                              |
|  GPU   GI   CI              PID   Type   Process name                        GPU Memory |
|        ID   ID                                                               Usage      |
|=========================================================================================|
|    2   N/A  N/A          399210      C   ...3/envs/plainLM/bin/python3.12      38326MiB |
|    3   N/A  N/A          399211      C   ...3/envs/plainLM/bin/python3.12      38326MiB |
+-----------------------------------------------------------------------------------------+
torch 2.6.0+cu124 | cuda available: True
=== random_50M_7languages_ep1_seed42 ===
  pretrained model: context 2048 tokens, start token '<bos>', vocab 262,145
  [wikipedia/fil] articles=1000 loss=2.3763 perplexity=10.8 bits/byte=1.0546
  [wikipedia/indo] articles=1000 loss=2.3858 perplexity=10.9 bits/byte=0.8815
  [wikipedia/khmer] articles=1000 loss=2.2328 perplexity=9.3 bits/byte=0.6030
  [wikipedia/malay] articles=1000 loss=2.5492 perplexity=12.8 bits/byte=0.9564
  [wikipedia/thai] articles=1000 loss=2.0432 perplexity=7.7 bits/byte=0.4360
  [wikipedia/vie] articles=1000 loss=2.2539 perplexity=9.5 bits/byte=0.7660
  [wikipedia/burmese] articles=1000 loss=2.1466 perplexity=8.6 bits/byte=0.4989
Wrote checkpoints/lora_cpt/gemma-3-1b-pt/random_50M_7languages_ep1_seed42/ppl_wikipedia/results.json and summary.md
=== gemma-3-1b-pt ===
  pretrained model: context 2048 tokens, start token '<bos>', vocab 262,145
  [wikipedia/fil] articles=1000 loss=2.3847 perplexity=10.9 bits/byte=1.0584
  [wikipedia/indo] articles=1000 loss=2.3372 perplexity=10.4 bits/byte=0.8635
  [wikipedia/khmer] articles=1000 loss=2.1501 perplexity=8.6 bits/byte=0.5807
  [wikipedia/malay] articles=1000 loss=2.5367 perplexity=12.6 bits/byte=0.9517
  [wikipedia/thai] articles=1000 loss=2.0435 perplexity=7.7 bits/byte=0.4360
  [wikipedia/vie] articles=1000 loss=2.2291 perplexity=9.3 bits/byte=0.7575
  [wikipedia/burmese] articles=1000 loss=2.1667 perplexity=8.7 bits/byte=0.5036
Wrote checkpoints/hub_models/gemma-3-1b-pt/ppl_wikipedia/results.json and summary.md
=== edu_50M_7languages_ep1_seed42 ===
  pretrained model: context 2048 tokens, start token '<bos>', vocab 262,145
  [wikipedia/fil] articles=1000 loss=2.3577 perplexity=10.6 bits/byte=1.0464
  [wikipedia/indo] articles=1000 loss=2.3932 perplexity=10.9 bits/byte=0.8842
  [wikipedia/khmer] articles=1000 loss=2.2316 perplexity=9.3 bits/byte=0.6027
  [wikipedia/malay] articles=1000 loss=2.5493 perplexity=12.8 bits/byte=0.9565
  [wikipedia/thai] articles=1000 loss=2.0367 perplexity=7.7 bits/byte=0.4346
  [wikipedia/vie] articles=1000 loss=2.2499 perplexity=9.5 bits/byte=0.7646
  [wikipedia/burmese] articles=1000 loss=2.1022 perplexity=8.2 bits/byte=0.4886
Wrote checkpoints/lora_cpt/gemma-3-1b-pt/edu_50M_7languages_ep1_seed42/ppl_wikipedia/results.json and summary.md
=== cult_50M_7languages_ep1_seed42 ===
  pretrained model: context 2048 tokens, start token '<bos>', vocab 262,145
  [wikipedia/fil] articles=1000 loss=2.4073 perplexity=11.1 bits/byte=1.0684
  [wikipedia/indo] articles=1000 loss=2.3946 perplexity=11.0 bits/byte=0.8847
  [wikipedia/khmer] articles=1000 loss=2.2418 perplexity=9.4 bits/byte=0.6055
  [wikipedia/malay] articles=1000 loss=2.5697 perplexity=13.1 bits/byte=0.9641
  [wikipedia/thai] articles=1000 loss=2.0418 perplexity=7.7 bits/byte=0.4357
  [wikipedia/vie] articles=1000 loss=2.2557 perplexity=9.5 bits/byte=0.7666
  [wikipedia/burmese] articles=1000 loss=2.1456 perplexity=8.5 bits/byte=0.4987
Wrote checkpoints/lora_cpt/gemma-3-1b-pt/cult_50M_7languages_ep1_seed42/ppl_wikipedia/results.json and summary.md
=== avg5_50M_7languages_ep1_seed42 ===
  pretrained model: context 2048 tokens, start token '<bos>', vocab 262,145
  [wikipedia/fil] articles=1000 loss=2.3806 perplexity=10.8 bits/byte=1.0565
  [wikipedia/indo] articles=1000 loss=2.4010 perplexity=11.0 bits/byte=0.8871
  [wikipedia/khmer] articles=1000 loss=2.2283 perplexity=9.3 bits/byte=0.6018
  [wikipedia/malay] articles=1000 loss=2.5625 perplexity=13.0 bits/byte=0.9614
  [wikipedia/thai] articles=1000 loss=2.0407 perplexity=7.7 bits/byte=0.4355
  [wikipedia/vie] articles=1000 loss=2.2559 perplexity=9.5 bits/byte=0.7666
  [wikipedia/burmese] articles=1000 loss=2.1059 perplexity=8.2 bits/byte=0.4895
Wrote checkpoints/lora_cpt/gemma-3-1b-pt/avg5_50M_7languages_ep1_seed42/ppl_wikipedia/results.json and summary.md
=== rr5_50M_7languages_ep1_seed42 ===
  pretrained model: context 2048 tokens, start token '<bos>', vocab 262,145
  [wikipedia/fil] articles=1000 loss=2.3660 perplexity=10.7 bits/byte=1.0501
  [wikipedia/indo] articles=1000 loss=2.3919 perplexity=10.9 bits/byte=0.8838
  [wikipedia/khmer] articles=1000 loss=2.2561 perplexity=9.5 bits/byte=0.6093
  [wikipedia/malay] articles=1000 loss=2.5500 perplexity=12.8 bits/byte=0.9567
  [wikipedia/thai] articles=1000 loss=2.0372 perplexity=7.7 bits/byte=0.4347
  [wikipedia/vie] articles=1000 loss=2.2505 perplexity=9.5 bits/byte=0.7648
  [wikipedia/burmese] articles=1000 loss=2.1004 perplexity=8.2 bits/byte=0.4882
Wrote checkpoints/lora_cpt/gemma-3-1b-pt/rr5_50M_7languages_ep1_seed42/ppl_wikipedia/results.json and summary.md
Wrote checkpoints/lora_cpt/gemma-3-1b-pt/ppl_wikipedia_comparison.md
Done: checkpoints/lora_cpt/gemma-3-1b-pt/ppl_wikipedia_comparison.md
