Working directory: /Utilisateurs/pchau/workspace/CoRAL | DIMENSION=educational_value | rater checkpoints/rater_7languages/finetuned/mean/educational_value -> data/pilot_scores_7languages/educational_value_mean
Wed Oct  7 10:13:25 2026       
+-----------------------------------------------------------------------------------------+
| NVIDIA-SMI 550.54.14              Driver Version: 550.54.14      CUDA Version: 12.4     |
|-----------------------------------------+------------------------+----------------------+
| GPU  Name                 Persistence-M | Bus-Id          Disp.A | Volatile Uncorr. ECC |
| Fan  Temp   Perf          Pwr:Usage/Cap |           Memory-Usage | GPU-Util  Compute M. |
|                                         |                        |               MIG M. |
|=========================================+========================+======================|
|   0  NVIDIA A40                     On  |   00000000:07:00.0 Off |                    0 |
|  0%   21C    P8             21W /  300W |       0MiB /  46068MiB |      0%      Default |
|                                         |                        |                  N/A |
+-----------------------------------------+------------------------+----------------------+
                                                                                         
+-----------------------------------------------------------------------------------------+
| Processes:                                                                              |
|  GPU   GI   CI        PID   Type   Process name                              GPU Memory |
|        ID   ID                                                               Usage      |
|=========================================================================================|
|  No running processes found                                                             |
+-----------------------------------------------------------------------------------------+
Rater: checkpoints/rater_7languages/finetuned/mean/educational_value/model | pooling=mean | labels=1 | device=cuda bf16=True
scoring burmese:   0%|                                                                      | 0/9375 [00:00<?, ?batch/s]
scoring burmese:   2%|#1                                                          | 184/9375 [00:30<25:01,  6.12batch/s]
scoring burmese:   4%|##3                                                         | 371/9375 [01:00<24:19,  6.17batch/s]
scoring burmese:   6%|###5                                                        | 557/9375 [01:34<25:09,  5.84batch/s]
scoring burmese:   8%|####6                                                       | 733/9375 [02:08<26:06,  5.52batch/s]
scoring burmese:  10%|#####7                                                      | 900/9375 [02:44<27:06,  5.21batch/s]
scoring burmese:  11%|######6                                                    | 1058/9375 [03:19<28:04,  4.94batch/s]
scoring burmese:  13%|#######6                                                   | 1208/9375 [03:55<29:06,  4.68batch/s]
scoring burmese:  14%|########4                                                  | 1350/9375 [04:31<30:01,  4.46batch/s]
scoring burmese:  16%|#########3                                                 | 1485/9375 [05:06<30:54,  4.26batch/s]
scoring burmese:  17%|##########1                                                | 1614/9375 [05:41<31:38,  4.09batch/s]
scoring burmese:  19%|##########9                                                | 1737/9375 [06:16<32:23,  3.93batch/s]
scoring burmese:  20%|###########6                                               | 1856/9375 [06:50<33:06,  3.79batch/s]
scoring burmese:  21%|############3                                              | 1970/9375 [07:24<33:47,  3.65batch/s]
scoring burmese:  22%|#############                                              | 2080/9375 [07:58<34:25,  3.53batch/s]
scoring burmese:  23%|#############7                                             | 2186/9375 [08:32<34:56,  3.43batch/s]
scoring burmese:  24%|##############4                                            | 2289/9375 [09:05<35:33,  3.32batch/s]
scoring burmese:  25%|###############                                            | 2389/9375 [09:39<36:10,  3.22batch/s]
scoring burmese:  27%|###############6                                           | 2486/9375 [10:12<36:41,  3.13batch/s]
scoring burmese:  28%|################2                                          | 2580/9375 [10:45<37:03,  3.06batch/s]
scoring burmese:  29%|################8                                          | 2672/9375 [11:17<37:25,  2.99batch/s]
scoring burmese:  29%|#################3                                         | 2762/9375 [11:50<37:45,  2.92batch/s]
scoring burmese:  30%|#################9                                         | 2850/9375 [12:22<38:03,  2.86batch/s]
scoring burmese:  31%|##################4                                        | 2936/9375 [12:55<38:20,  2.80batch/s]
scoring burmese:  32%|###################                                        | 3020/9375 [13:27<38:35,  2.74batch/s]
scoring burmese:  33%|###################5                                       | 3103/9375 [13:59<38:52,  2.69batch/s]
scoring burmese:  34%|####################                                       | 3184/9375 [14:31<39:00,  2.64batch/s]
scoring burmese:  35%|####################5                                      | 3264/9375 [15:03<39:06,  2.60batch/s]
scoring burmese:  36%|#####################                                      | 3343/9375 [15:35<39:19,  2.56batch/s]
scoring burmese:  36%|#####################5                                     | 3420/9375 [16:07<39:28,  2.51batch/s]
scoring burmese:  37%|######################                                     | 3496/9375 [16:39<39:43,  2.47batch/s]
scoring burmese:  38%|######################4                                    | 3570/9375 [17:11<39:52,  2.43batch/s]
scoring burmese:  39%|######################9                                    | 3643/9375 [17:43<39:55,  2.39batch/s]
scoring burmese:  40%|#######################3                                   | 3715/9375 [18:14<40:01,  2.36batch/s]
scoring burmese:  40%|#######################8                                   | 3786/9375 [18:46<40:08,  2.32batch/s]
scoring burmese:  41%|########################2                                  | 3856/9375 [19:18<40:10,  2.29batch/s]
scoring burmese:  42%|########################7                                  | 3925/9375 [19:49<40:17,  2.25batch/s]
scoring burmese:  43%|#########################1                                 | 3993/9375 [20:21<40:22,  2.22batch/s]
scoring burmese:  43%|#########################5                                 | 4060/9375 [20:53<40:24,  2.19batch/s]
scoring burmese:  44%|#########################9                                 | 4126/9375 [21:24<40:30,  2.16batch/s]
scoring burmese:  45%|##########################3                                | 4191/9375 [21:56<40:28,  2.14batch/s]
scoring burmese:  45%|##########################7                                | 4256/9375 [22:28<40:30,  2.11batch/s]
scoring burmese:  46%|###########################1                               | 4320/9375 [22:59<40:32,  2.08batch/s]
scoring burmese:  47%|###########################5                               | 4383/9375 [23:31<40:38,  2.05batch/s]
scoring burmese:  47%|###########################9                               | 4445/9375 [24:03<40:44,  2.02batch/s]
scoring burmese:  48%|############################3                              | 4506/9375 [24:35<40:50,  1.99batch/s]
scoring burmese:  49%|############################7                              | 4566/9375 [25:07<40:53,  1.96batch/s]
scoring burmese:  49%|#############################1                             | 4625/9375 [25:38<40:52,  1.94batch/s]
scoring burmese:  50%|#############################4                             | 4684/9375 [26:10<40:54,  1.91batch/s]
scoring burmese:  51%|#############################8                             | 4742/9375 [26:41<40:49,  1.89batch/s]
scoring burmese:  51%|##############################2                            | 4799/9375 [27:12<40:44,  1.87batch/s]
scoring burmese:  52%|##############################5                            | 4856/9375 [27:44<40:43,  1.85batch/s]
scoring burmese:  52%|##############################9                            | 4912/9375 [28:16<40:48,  1.82batch/s]
scoring burmese:  53%|###############################2                           | 4967/9375 [28:47<40:45,  1.80batch/s]
scoring burmese:  54%|###############################6                           | 5022/9375 [29:19<40:39,  1.78batch/s]
scoring burmese:  54%|###############################9                           | 5076/9375 [29:51<40:42,  1.76batch/s]
scoring burmese:  55%|################################2                          | 5129/9375 [30:22<40:46,  1.74batch/s]
scoring burmese:  55%|################################6                          | 5182/9375 [30:54<40:49,  1.71batch/s]
scoring burmese:  56%|################################9                          | 5234/9375 [31:26<40:53,  1.69batch/s]
scoring burmese:  56%|#################################2                         | 5285/9375 [31:57<40:54,  1.67batch/s]
scoring burmese:  57%|#################################5                         | 5335/9375 [32:28<40:47,  1.65batch/s]
scoring burmese:  57%|#################################8                         | 5385/9375 [33:00<40:50,  1.63batch/s]
scoring burmese:  58%|##################################1                        | 5434/9375 [33:31<40:40,  1.61batch/s]
scoring burmese:  58%|##################################5                        | 5483/9375 [34:03<40:45,  1.59batch/s]
scoring burmese:  59%|##################################8                        | 5531/9375 [34:34<40:39,  1.58batch/s]
scoring burmese:  60%|###################################1                       | 5579/9375 [35:05<40:22,  1.57batch/s]
scoring burmese:  60%|###################################4                       | 5626/9375 [35:37<40:22,  1.55batch/s]
scoring burmese:  61%|###################################7                       | 5673/9375 [36:08<40:16,  1.53batch/s]
scoring burmese:  61%|###################################9                       | 5719/9375 [36:39<40:05,  1.52batch/s]
scoring burmese:  61%|####################################2                      | 5765/9375 [37:10<39:58,  1.51batch/s]
scoring burmese:  62%|####################################5                      | 5811/9375 [37:42<39:48,  1.49batch/s]
scoring burmese:  62%|####################################8                      | 5856/9375 [38:13<39:37,  1.48batch/s]
scoring burmese:  63%|#####################################1                     | 5901/9375 [38:44<39:34,  1.46batch/s]
scoring burmese:  63%|#####################################4                     | 5945/9375 [39:16<39:37,  1.44batch/s]
scoring burmese:  64%|#####################################6                     | 5989/9375 [39:47<39:35,  1.43batch/s]
scoring burmese:  64%|#####################################9                     | 6032/9375 [40:19<39:37,  1.41batch/s]
scoring burmese:  65%|######################################2                    | 6075/9375 [40:51<39:36,  1.39batch/s]
scoring burmese:  65%|######################################4                    | 6117/9375 [41:22<39:32,  1.37batch/s]
scoring burmese:  66%|######################################7                    | 6159/9375 [41:54<39:30,  1.36batch/s]
scoring burmese:  66%|#######################################                    | 6200/9375 [42:26<39:24,  1.34batch/s]
scoring burmese:  67%|#######################################2                   | 6241/9375 [42:58<39:33,  1.32batch/s]
scoring burmese:  67%|#######################################5                   | 6281/9375 [43:29<39:24,  1.31batch/s]
scoring burmese:  67%|#######################################7                   | 6321/9375 [44:01<39:22,  1.29batch/s]
scoring burmese:  68%|########################################                   | 6360/9375 [44:32<39:22,  1.28batch/s]
scoring burmese:  68%|########################################2                  | 6399/9375 [45:04<39:25,  1.26batch/s]
scoring burmese:  69%|########################################5                  | 6437/9375 [45:36<39:22,  1.24batch/s]
scoring burmese:  69%|########################################7                  | 6475/9375 [46:07<39:05,  1.24batch/s]
scoring burmese:  69%|########################################9                  | 6513/9375 [46:39<39:03,  1.22batch/s]
scoring burmese:  70%|#########################################2                 | 6550/9375 [47:10<38:55,  1.21batch/s]
scoring burmese:  70%|#########################################4                 | 6587/9375 [47:42<38:37,  1.20batch/s]
scoring burmese:  71%|#########################################6                 | 6624/9375 [48:14<38:38,  1.19batch/s]
scoring burmese:  71%|#########################################9                 | 6660/9375 [48:45<38:38,  1.17batch/s]
scoring burmese:  71%|##########################################1                | 6696/9375 [49:17<38:31,  1.16batch/s]
scoring burmese:  72%|##########################################3                | 6731/9375 [49:48<38:16,  1.15batch/s]
scoring burmese:  72%|##########################################5                | 6766/9375 [50:20<38:14,  1.14batch/s]
scoring burmese:  73%|##########################################8                | 6801/9375 [50:51<37:55,  1.13batch/s]
scoring burmese:  73%|###########################################                | 6835/9375 [51:23<37:53,  1.12batch/s]
scoring burmese:  73%|###########################################2               | 6869/9375 [51:54<37:42,  1.11batch/s]
scoring burmese:  74%|###########################################4               | 6903/9375 [52:26<37:43,  1.09batch/s]
scoring burmese:  74%|###########################################6               | 6936/9375 [52:58<37:52,  1.07batch/s]
scoring burmese:  74%|###########################################8               | 6969/9375 [53:31<37:58,  1.06batch/s]
scoring burmese:  75%|############################################               | 7001/9375 [54:02<37:52,  1.04batch/s]
scoring burmese:  75%|############################################2              | 7033/9375 [54:34<37:40,  1.04batch/s]
scoring burmese:  75%|############################################4              | 7065/9375 [55:06<37:42,  1.02batch/s]
scoring burmese:  76%|############################################6              | 7096/9375 [55:36<37:07,  1.02batch/s]
scoring burmese:  76%|############################################8              | 7127/9375 [56:07<36:57,  1.01batch/s]
scoring burmese:  76%|#############################################              | 7158/9375 [56:39<36:57,  1.00s/batch]
scoring burmese:  77%|#############################################2             | 7189/9375 [57:11<36:48,  1.01s/batch]
scoring burmese:  77%|#############################################4             | 7219/9375 [57:43<36:47,  1.02s/batch]
scoring burmese:  77%|#############################################6             | 7249/9375 [58:14<36:17,  1.02s/batch]
scoring burmese:  78%|#############################################8             | 7279/9375 [58:46<36:20,  1.04s/batch]
scoring burmese:  78%|#############################################9             | 7308/9375 [59:18<36:12,  1.05s/batch]
scoring burmese:  78%|##############################################1            | 7337/9375 [59:48<35:44,  1.05s/batch]
scoring burmese:  79%|############################################7            | 7366/9375 [1:00:19<35:25,  1.06s/batch]
scoring burmese:  79%|############################################9            | 7395/9375 [1:00:50<35:05,  1.06s/batch]
scoring burmese:  79%|#############################################1           | 7424/9375 [1:01:22<34:49,  1.07s/batch]
scoring burmese:  79%|#############################################3           | 7453/9375 [1:01:54<34:38,  1.08s/batch]
scoring burmese:  80%|#############################################4           | 7481/9375 [1:02:24<34:11,  1.08s/batch]
scoring burmese:  80%|#############################################6           | 7509/9375 [1:02:55<33:41,  1.08s/batch]
scoring burmese:  80%|#############################################8           | 7537/9375 [1:03:26<33:35,  1.10s/batch]
scoring burmese:  81%|#############################################9           | 7565/9375 [1:03:58<33:22,  1.11s/batch]
scoring burmese:  81%|##############################################1          | 7593/9375 [1:04:30<33:02,  1.11s/batch]
scoring burmese:  81%|##############################################3          | 7620/9375 [1:05:01<32:50,  1.12s/batch]
scoring burmese:  82%|##############################################4          | 7647/9375 [1:05:32<32:44,  1.14s/batch]
scoring burmese:  82%|##############################################6          | 7674/9375 [1:06:03<32:19,  1.14s/batch]
scoring burmese:  82%|##############################################8          | 7701/9375 [1:06:35<32:09,  1.15s/batch]
scoring burmese:  82%|##############################################9          | 7728/9375 [1:07:07<31:47,  1.16s/batch]
scoring burmese:  83%|###############################################1         | 7754/9375 [1:07:38<31:44,  1.17s/batch]
scoring burmese:  83%|###############################################3         | 7780/9375 [1:08:09<31:23,  1.18s/batch]
scoring burmese:  83%|###############################################4         | 7806/9375 [1:08:40<30:54,  1.18s/batch]
scoring burmese:  84%|###############################################6         | 7832/9375 [1:09:12<30:47,  1.20s/batch]
scoring burmese:  84%|###############################################7         | 7858/9375 [1:09:44<30:26,  1.20s/batch]
scoring burmese:  84%|###############################################9         | 7883/9375 [1:10:15<30:10,  1.21s/batch]
scoring burmese:  84%|################################################         | 7908/9375 [1:10:47<30:07,  1.23s/batch]
scoring burmese:  85%|################################################2        | 7933/9375 [1:11:18<29:45,  1.24s/batch]
scoring burmese:  85%|################################################3        | 7958/9375 [1:11:50<29:28,  1.25s/batch]
scoring burmese:  85%|################################################5        | 7983/9375 [1:12:23<29:33,  1.27s/batch]
scoring burmese:  85%|################################################6        | 8007/9375 [1:12:54<29:00,  1.27s/batch]
scoring burmese:  86%|################################################8        | 8031/9375 [1:13:25<28:33,  1.28s/batch]
scoring burmese:  86%|################################################9        | 8055/9375 [1:13:55<28:04,  1.28s/batch]
scoring burmese:  86%|#################################################1       | 8079/9375 [1:14:27<27:51,  1.29s/batch]
scoring burmese:  86%|#################################################2       | 8103/9375 [1:14:58<27:26,  1.29s/batch]
scoring burmese:  87%|#################################################4       | 8127/9375 [1:15:30<27:02,  1.30s/batch]
scoring burmese:  87%|#################################################5       | 8151/9375 [1:16:01<26:37,  1.31s/batch]
scoring burmese:  87%|#################################################6       | 8174/9375 [1:16:33<26:37,  1.33s/batch]
scoring burmese:  87%|#################################################8       | 8197/9375 [1:17:04<26:08,  1.33s/batch]
scoring burmese:  88%|#################################################9       | 8220/9375 [1:17:36<25:55,  1.35s/batch]
scoring burmese:  88%|##################################################1      | 8243/9375 [1:18:07<25:32,  1.35s/batch]
scoring burmese:  88%|##################################################2      | 8266/9375 [1:18:40<25:21,  1.37s/batch]
scoring burmese:  88%|##################################################3      | 8288/9375 [1:19:11<24:59,  1.38s/batch]
scoring burmese:  89%|##################################################5      | 8310/9375 [1:19:42<24:41,  1.39s/batch]
scoring burmese:  89%|##################################################6      | 8332/9375 [1:20:13<24:19,  1.40s/batch]
scoring burmese:  89%|##################################################7      | 8354/9375 [1:20:45<24:04,  1.41s/batch]
scoring burmese:  89%|##################################################9      | 8376/9375 [1:21:16<23:36,  1.42s/batch]
scoring burmese:  90%|###################################################      | 8398/9375 [1:21:49<23:19,  1.43s/batch]
scoring burmese:  90%|###################################################1     | 8419/9375 [1:22:20<23:01,  1.45s/batch]
scoring burmese:  90%|###################################################3     | 8440/9375 [1:22:50<22:36,  1.45s/batch]
scoring burmese:  90%|###################################################4     | 8461/9375 [1:23:22<22:17,  1.46s/batch]
scoring burmese:  90%|###################################################5     | 8482/9375 [1:23:54<22:01,  1.48s/batch]
scoring burmese:  91%|###################################################6     | 8503/9375 [1:24:25<21:34,  1.48s/batch]
scoring burmese:  91%|###################################################8     | 8524/9375 [1:24:57<21:17,  1.50s/batch]
scoring burmese:  91%|###################################################9     | 8544/9375 [1:25:28<20:50,  1.50s/batch]
scoring burmese:  91%|####################################################     | 8564/9375 [1:25:59<20:29,  1.52s/batch]
scoring burmese:  92%|####################################################1    | 8584/9375 [1:26:29<20:04,  1.52s/batch]
scoring burmese:  92%|####################################################3    | 8604/9375 [1:27:00<19:35,  1.52s/batch]
scoring burmese:  92%|####################################################4    | 8624/9375 [1:27:30<19:03,  1.52s/batch]
scoring burmese:  92%|####################################################5    | 8644/9375 [1:28:02<18:46,  1.54s/batch]
scoring burmese:  92%|####################################################6    | 8664/9375 [1:28:34<18:23,  1.55s/batch]
scoring burmese:  93%|####################################################7    | 8684/9375 [1:29:05<17:58,  1.56s/batch]
scoring burmese:  93%|####################################################9    | 8704/9375 [1:29:38<17:38,  1.58s/batch]
scoring burmese:  93%|#####################################################    | 8724/9375 [1:30:11<17:24,  1.60s/batch]
scoring burmese:  93%|#####################################################1   | 8743/9375 [1:30:42<17:02,  1.62s/batch]
scoring burmese:  93%|#####################################################2   | 8762/9375 [1:31:14<16:38,  1.63s/batch]
scoring burmese:  94%|#####################################################3   | 8781/9375 [1:31:45<16:13,  1.64s/batch]
scoring burmese:  94%|#####################################################5   | 8800/9375 [1:32:18<15:57,  1.67s/batch]
scoring burmese:  94%|#####################################################6   | 8819/9375 [1:32:50<15:26,  1.67s/batch]
scoring burmese:  94%|#####################################################7   | 8838/9375 [1:33:21<14:54,  1.67s/batch]
scoring burmese:  94%|#####################################################8   | 8857/9375 [1:33:54<14:32,  1.69s/batch]
scoring burmese:  95%|#####################################################9   | 8875/9375 [1:34:26<14:10,  1.70s/batch]
scoring burmese:  95%|######################################################   | 8893/9375 [1:34:56<13:37,  1.70s/batch]
scoring burmese:  95%|######################################################1  | 8911/9375 [1:35:28<13:14,  1.71s/batch]
scoring burmese:  95%|######################################################2  | 8929/9375 [1:35:59<12:51,  1.73s/batch]
scoring burmese:  95%|######################################################3  | 8947/9375 [1:36:31<12:24,  1.74s/batch]
scoring burmese:  96%|######################################################5  | 8965/9375 [1:37:01<11:46,  1.72s/batch]
scoring burmese:  96%|######################################################6  | 8983/9375 [1:37:33<11:20,  1.74s/batch]
scoring burmese:  96%|######################################################7  | 9001/9375 [1:38:06<10:55,  1.75s/batch]
scoring burmese:  96%|######################################################8  | 9019/9375 [1:38:38<10:26,  1.76s/batch]
scoring burmese:  96%|######################################################9  | 9037/9375 [1:39:10<10:01,  1.78s/batch]
scoring burmese:  97%|#######################################################  | 9055/9375 [1:39:41<09:23,  1.76s/batch]
scoring burmese:  97%|#######################################################1 | 9073/9375 [1:40:15<08:59,  1.79s/batch]
scoring burmese:  97%|#######################################################2 | 9090/9375 [1:40:47<08:39,  1.82s/batch]
scoring burmese:  97%|#######################################################3 | 9107/9375 [1:41:19<08:11,  1.83s/batch]
scoring burmese:  97%|#######################################################4 | 9124/9375 [1:41:51<07:43,  1.85s/batch]
scoring burmese:  98%|#######################################################5 | 9141/9375 [1:42:22<07:13,  1.85s/batch]
scoring burmese:  98%|#######################################################6 | 9158/9375 [1:42:55<06:47,  1.88s/batch]
scoring burmese:  98%|#######################################################7 | 9174/9375 [1:43:25<06:17,  1.88s/batch]
scoring burmese:  98%|#######################################################8 | 9191/9375 [1:43:57<05:45,  1.88s/batch]
scoring burmese:  98%|#######################################################9 | 9207/9375 [1:44:29<05:21,  1.91s/batch]
scoring burmese:  98%|######################################################## | 9223/9375 [1:45:00<04:52,  1.92s/batch]
scoring burmese:  99%|########################################################1| 9239/9375 [1:45:32<04:23,  1.94s/batch]
scoring burmese:  99%|########################################################2| 9255/9375 [1:46:03<03:53,  1.95s/batch]
scoring burmese:  99%|########################################################3| 9271/9375 [1:46:35<03:23,  1.96s/batch]
scoring burmese:  99%|########################################################4| 9287/9375 [1:47:05<02:50,  1.94s/batch]
scoring burmese:  99%|########################################################5| 9303/9375 [1:47:36<02:19,  1.94s/batch]
scoring burmese:  99%|########################################################6| 9319/9375 [1:48:09<01:49,  1.96s/batch]
scoring burmese: 100%|########################################################7| 9335/9375 [1:48:40<01:18,  1.97s/batch]
scoring burmese: 100%|########################################################8| 9351/9375 [1:49:13<00:47,  1.99s/batch]
scoring burmese: 100%|########################################################9| 9367/9375 [1:49:46<00:16,  2.01s/batch]
scoring burmese: 100%|#########################################################| 9375/9375 [1:50:03<00:00,  1.42batch/s]
[burmese] scored 300000 documents in 110.1 min (45.4 docs/s, 67,248 tokens/s): mean 1.31, sd 0.42, 5%/50%/95% = 0.76/1.24/2.17, above 5: 0.0%
scoring fil:   0%|                                                                          | 0/9375 [00:00<?, ?batch/s]
scoring fil:   5%|###                                                             | 454/9375 [00:30<09:49, 15.13batch/s]
scoring fil:  10%|######1                                                         | 908/9375 [01:03<09:58, 14.15batch/s]
scoring fil:  14%|########9                                                      | 1334/9375 [01:38<10:06, 13.27batch/s]
scoring fil:  18%|###########6                                                   | 1734/9375 [02:13<10:13, 12.46batch/s]
scoring fil:  23%|##############1                                                | 2110/9375 [02:49<10:18, 11.75batch/s]
scoring fil:  26%|################5                                              | 2465/9375 [03:25<10:23, 11.08batch/s]
scoring fil:  30%|##################8                                            | 2800/9375 [04:01<10:27, 10.47batch/s]
scoring fil:  33%|####################9                                          | 3116/9375 [04:37<10:30,  9.93batch/s]
scoring fil:  36%|######################9                                        | 3415/9375 [05:13<10:34,  9.39batch/s]
scoring fil:  39%|########################8                                      | 3698/9375 [05:50<10:41,  8.86batch/s]
scoring fil:  42%|##########################6                                    | 3965/9375 [06:26<10:42,  8.43batch/s]
scoring fil:  45%|############################3                                  | 4219/9375 [07:02<10:44,  8.01batch/s]
scoring fil:  48%|#############################9                                 | 4460/9375 [07:38<10:43,  7.64batch/s]
scoring fil:  50%|###############################5                               | 4690/9375 [08:13<10:42,  7.29batch/s]
scoring fil:  52%|################################9                              | 4909/9375 [08:49<10:46,  6.91batch/s]
scoring fil:  55%|##################################3                            | 5117/9375 [09:25<10:47,  6.57batch/s]
scoring fil:  57%|###################################7                           | 5315/9375 [10:01<10:48,  6.26batch/s]
scoring fil:  59%|####################################9                          | 5503/9375 [10:37<10:49,  5.96batch/s]
scoring fil:  61%|######################################1                        | 5682/9375 [11:12<10:46,  5.71batch/s]
scoring fil:  62%|#######################################3                       | 5854/9375 [11:47<10:45,  5.46batch/s]
scoring fil:  64%|########################################4                      | 6018/9375 [12:21<10:35,  5.28batch/s]
scoring fil:  66%|#########################################5                     | 6177/9375 [12:55<10:24,  5.12batch/s]
scoring fil:  68%|##########################################5                    | 6331/9375 [13:29<10:15,  4.95batch/s]
scoring fil:  69%|###########################################5                   | 6480/9375 [14:03<10:06,  4.77batch/s]
scoring fil:  71%|############################################5                  | 6623/9375 [14:37<09:57,  4.60batch/s]
scoring fil:  72%|#############################################4                 | 6761/9375 [15:11<09:47,  4.45batch/s]
scoring fil:  74%|##############################################3                | 6895/9375 [15:44<09:35,  4.31batch/s]
scoring fil:  75%|###############################################2               | 7025/9375 [16:18<09:22,  4.17batch/s]
scoring fil:  76%|################################################               | 7151/9375 [16:52<09:09,  4.05batch/s]
scoring fil:  78%|################################################8              | 7273/9375 [17:25<08:54,  3.93batch/s]
scoring fil:  79%|#################################################6             | 7391/9375 [17:57<08:34,  3.85batch/s]
scoring fil:  80%|##################################################4            | 7507/9375 [18:30<08:15,  3.77batch/s]
scoring fil:  81%|###################################################2           | 7620/9375 [19:03<07:59,  3.66batch/s]
scoring fil:  82%|###################################################9           | 7730/9375 [19:37<07:45,  3.54batch/s]
scoring fil:  84%|####################################################6          | 7837/9375 [20:10<07:27,  3.44batch/s]
scoring fil:  85%|#####################################################3         | 7941/9375 [20:44<07:09,  3.34batch/s]
scoring fil:  86%|######################################################         | 8042/9375 [21:17<06:51,  3.24batch/s]
scoring fil:  87%|######################################################7        | 8140/9375 [21:51<06:34,  3.13batch/s]
scoring fil:  88%|#######################################################3       | 8235/9375 [22:25<06:15,  3.03batch/s]
scoring fil:  89%|#######################################################9       | 8327/9375 [23:00<05:59,  2.91batch/s]
scoring fil:  90%|########################################################5      | 8415/9375 [23:32<05:36,  2.85batch/s]
scoring fil:  91%|#########################################################1     | 8501/9375 [24:05<05:14,  2.78batch/s]
scoring fil:  92%|#########################################################6     | 8585/9375 [24:38<04:51,  2.71batch/s]
scoring fil:  92%|##########################################################2    | 8667/9375 [25:11<04:28,  2.64batch/s]
scoring fil:  93%|##########################################################7    | 8747/9375 [25:44<04:03,  2.57batch/s]
scoring fil:  94%|###########################################################3   | 8825/9375 [26:16<03:36,  2.54batch/s]
scoring fil:  95%|###########################################################8   | 8902/9375 [26:49<03:10,  2.49batch/s]
scoring fil:  96%|############################################################3  | 8977/9375 [27:22<02:44,  2.41batch/s]
scoring fil:  97%|############################################################8  | 9050/9375 [27:55<02:18,  2.35batch/s]
scoring fil:  97%|#############################################################2 | 9121/9375 [28:28<01:50,  2.30batch/s]
scoring fil:  98%|#############################################################7 | 9190/9375 [29:00<01:22,  2.25batch/s]
scoring fil:  99%|##############################################################2| 9258/9375 [29:32<00:52,  2.21batch/s]
scoring fil:  99%|##############################################################6| 9325/9375 [30:04<00:22,  2.18batch/s]
scoring fil: 100%|###############################################################| 9375/9375 [30:27<00:00,  5.13batch/s]
[fil] scored 300000 documents in 30.5 min (164.0 docs/s, 79,019 tokens/s): mean 0.52, sd 0.55, 5%/50%/95% = -0.08/0.38/1.73, above 5: 0.0%
scoring indo:   0%|                                                                         | 0/9375 [00:00<?, ?batch/s]
scoring indo:   5%|###                                                            | 456/9375 [00:30<09:46, 15.19batch/s]
