Working directory: /Utilisateurs/pchau/workspace/CoRAL | DIMENSION=reasoning | rater checkpoints/rater_7languages/finetuned/mean/reasoning -> data/pilot_scores_7languages/reasoning_mean
Wed Oct  7 10:13:25 2026       
+-----------------------------------------------------------------------------------------+
| NVIDIA-SMI 550.54.14              Driver Version: 550.54.14      CUDA Version: 12.4     |
|-----------------------------------------+------------------------+----------------------+
| GPU  Name                 Persistence-M | Bus-Id          Disp.A | Volatile Uncorr. ECC |
| Fan  Temp   Perf          Pwr:Usage/Cap |           Memory-Usage | GPU-Util  Compute M. |
|                                         |                        |               MIG M. |
|=========================================+========================+======================|
|   0  NVIDIA A40                     On  |   00000000:08:00.0 Off |                    0 |
|  0%   21C    P8             24W /  300W |       0MiB /  46068MiB |      0%      Default |
|                                         |                        |                  N/A |
+-----------------------------------------+------------------------+----------------------+
                                                                                         
+-----------------------------------------------------------------------------------------+
| Processes:                                                                              |
|  GPU   GI   CI        PID   Type   Process name                              GPU Memory |
|        ID   ID                                                               Usage      |
|=========================================================================================|
|  No running processes found                                                             |
+-----------------------------------------------------------------------------------------+
Rater: checkpoints/rater_7languages/finetuned/mean/reasoning/model | pooling=mean | labels=1 | device=cuda bf16=True
scoring burmese:   0%|                                                                      | 0/9375 [00:00<?, ?batch/s]
scoring burmese:   2%|#1                                                          | 183/9375 [00:30<25:12,  6.08batch/s]
scoring burmese:   4%|##3                                                         | 369/9375 [01:00<24:28,  6.13batch/s]
scoring burmese:   6%|###5                                                        | 553/9375 [01:33<25:17,  5.81batch/s]
scoring burmese:   8%|####6                                                       | 728/9375 [02:08<26:12,  5.50batch/s]
scoring burmese:  10%|#####7                                                      | 894/9375 [02:43<27:11,  5.20batch/s]
scoring burmese:  11%|######6                                                    | 1051/9375 [03:19<28:09,  4.93batch/s]
scoring burmese:  13%|#######5                                                   | 1200/9375 [03:55<29:10,  4.67batch/s]
scoring burmese:  14%|########4                                                  | 1341/9375 [04:30<30:08,  4.44batch/s]
scoring burmese:  16%|#########2                                                 | 1475/9375 [05:05<31:00,  4.25batch/s]
scoring burmese:  17%|##########                                                 | 1603/9375 [05:40<31:46,  4.08batch/s]
scoring burmese:  18%|##########8                                                | 1726/9375 [06:14<32:30,  3.92batch/s]
scoring burmese:  20%|###########6                                               | 1844/9375 [06:49<33:11,  3.78batch/s]
scoring burmese:  21%|############3                                              | 1958/9375 [07:23<33:54,  3.65batch/s]
scoring burmese:  22%|#############                                              | 2068/9375 [07:57<34:32,  3.53batch/s]
scoring burmese:  23%|#############6                                             | 2174/9375 [08:30<35:06,  3.42batch/s]
scoring burmese:  24%|##############3                                            | 2277/9375 [09:04<35:45,  3.31batch/s]
scoring burmese:  25%|##############9                                            | 2377/9375 [09:38<36:20,  3.21batch/s]
scoring burmese:  26%|###############5                                           | 2474/9375 [10:11<36:44,  3.13batch/s]
scoring burmese:  27%|################1                                          | 2568/9375 [10:43<37:05,  3.06batch/s]
scoring burmese:  28%|################7                                          | 2660/9375 [11:16<37:29,  2.99batch/s]
scoring burmese:  29%|#################3                                         | 2750/9375 [11:48<37:50,  2.92batch/s]
scoring burmese:  30%|#################8                                         | 2838/9375 [12:21<38:08,  2.86batch/s]
scoring burmese:  31%|##################4                                        | 2924/9375 [12:53<38:26,  2.80batch/s]
scoring burmese:  32%|##################9                                        | 3008/9375 [13:26<38:48,  2.73batch/s]
scoring burmese:  33%|###################4                                       | 3090/9375 [13:58<39:06,  2.68batch/s]
scoring burmese:  34%|###################9                                       | 3171/9375 [14:30<39:22,  2.63batch/s]
scoring burmese:  35%|####################4                                      | 3250/9375 [15:02<39:36,  2.58batch/s]
scoring burmese:  35%|####################9                                      | 3328/9375 [15:34<39:44,  2.54batch/s]
scoring burmese:  36%|#####################4                                     | 3405/9375 [16:07<39:53,  2.49batch/s]
scoring burmese:  37%|#####################9                                     | 3480/9375 [16:38<40:01,  2.46batch/s]
scoring burmese:  38%|######################3                                    | 3554/9375 [17:10<40:08,  2.42batch/s]
scoring burmese:  39%|######################8                                    | 3627/9375 [17:42<40:11,  2.38batch/s]
scoring burmese:  39%|#######################2                                   | 3699/9375 [18:14<40:16,  2.35batch/s]
scoring burmese:  40%|#######################7                                   | 3770/9375 [18:45<40:20,  2.32batch/s]
scoring burmese:  41%|########################1                                  | 3840/9375 [19:17<40:19,  2.29batch/s]
scoring burmese:  42%|########################6                                  | 3909/9375 [19:48<40:24,  2.25batch/s]
scoring burmese:  42%|#########################                                  | 3977/9375 [20:20<40:31,  2.22batch/s]
scoring burmese:  43%|#########################4                                 | 4044/9375 [20:52<40:34,  2.19batch/s]
scoring burmese:  44%|#########################8                                 | 4110/9375 [21:23<40:37,  2.16batch/s]
scoring burmese:  45%|##########################2                                | 4175/9375 [21:55<40:40,  2.13batch/s]
scoring burmese:  45%|##########################6                                | 4239/9375 [22:26<40:39,  2.11batch/s]
scoring burmese:  46%|###########################                                | 4303/9375 [22:58<40:41,  2.08batch/s]
scoring burmese:  47%|###########################4                               | 4366/9375 [23:30<40:45,  2.05batch/s]
scoring burmese:  47%|###########################8                               | 4428/9375 [24:02<40:53,  2.02batch/s]
scoring burmese:  48%|############################2                              | 4489/9375 [24:33<40:54,  1.99batch/s]
scoring burmese:  49%|############################6                              | 4549/9375 [25:05<41:03,  1.96batch/s]
scoring burmese:  49%|############################9                              | 4608/9375 [25:37<41:03,  1.94batch/s]
scoring burmese:  50%|#############################3                             | 4667/9375 [26:08<41:03,  1.91batch/s]
scoring burmese:  50%|#############################7                             | 4725/9375 [26:40<40:57,  1.89batch/s]
scoring burmese:  51%|##############################                             | 4782/9375 [27:11<40:55,  1.87batch/s]
scoring burmese:  52%|##############################4                            | 4839/9375 [27:43<40:51,  1.85batch/s]
scoring burmese:  52%|##############################8                            | 4895/9375 [28:14<40:53,  1.83batch/s]
scoring burmese:  53%|###############################1                           | 4950/9375 [28:45<40:45,  1.81batch/s]
scoring burmese:  53%|###############################4                           | 5005/9375 [29:17<40:32,  1.80batch/s]
scoring burmese:  54%|###############################8                           | 5059/9375 [29:48<40:32,  1.77batch/s]
scoring burmese:  55%|################################1                          | 5113/9375 [30:19<40:26,  1.76batch/s]
scoring burmese:  55%|################################5                          | 5166/9375 [30:51<40:34,  1.73batch/s]
scoring burmese:  56%|################################8                          | 5218/9375 [31:23<40:50,  1.70batch/s]
scoring burmese:  56%|#################################1                         | 5269/9375 [31:55<40:51,  1.67batch/s]
scoring burmese:  57%|#################################4                         | 5320/9375 [32:27<40:54,  1.65batch/s]
scoring burmese:  57%|#################################7                         | 5370/9375 [32:58<40:56,  1.63batch/s]
scoring burmese:  58%|##################################1                        | 5419/9375 [33:29<40:55,  1.61batch/s]
scoring burmese:  58%|##################################4                        | 5468/9375 [34:01<40:54,  1.59batch/s]
scoring burmese:  59%|##################################7                        | 5516/9375 [34:32<40:47,  1.58batch/s]
scoring burmese:  59%|###################################                        | 5564/9375 [35:04<40:35,  1.56batch/s]
scoring burmese:  60%|###################################3                       | 5611/9375 [35:35<40:33,  1.55batch/s]
scoring burmese:  60%|###################################6                       | 5658/9375 [36:06<40:30,  1.53batch/s]
scoring burmese:  61%|###################################8                       | 5704/9375 [36:37<40:18,  1.52batch/s]
scoring burmese:  61%|####################################1                      | 5750/9375 [37:08<40:10,  1.50batch/s]
scoring burmese:  62%|####################################4                      | 5796/9375 [37:40<40:03,  1.49batch/s]
scoring burmese:  62%|####################################7                      | 5841/9375 [38:12<40:03,  1.47batch/s]
scoring burmese:  63%|#####################################                      | 5886/9375 [38:43<39:52,  1.46batch/s]
scoring burmese:  63%|#####################################3                     | 5930/9375 [39:15<39:53,  1.44batch/s]
scoring burmese:  64%|#####################################5                     | 5974/9375 [39:47<39:58,  1.42batch/s]
scoring burmese:  64%|#####################################8                     | 6017/9375 [40:18<39:55,  1.40batch/s]
scoring burmese:  65%|######################################1                    | 6060/9375 [40:50<39:51,  1.39batch/s]
scoring burmese:  65%|######################################4                    | 6102/9375 [41:22<39:50,  1.37batch/s]
scoring burmese:  66%|######################################6                    | 6144/9375 [41:53<39:37,  1.36batch/s]
scoring burmese:  66%|######################################9                    | 6185/9375 [42:25<39:39,  1.34batch/s]
scoring burmese:  66%|#######################################1                   | 6226/9375 [42:57<39:52,  1.32batch/s]
scoring burmese:  67%|#######################################4                   | 6266/9375 [43:29<39:53,  1.30batch/s]
scoring burmese:  67%|#######################################6                   | 6305/9375 [44:00<39:40,  1.29batch/s]
scoring burmese:  68%|#######################################9                   | 6344/9375 [44:32<39:45,  1.27batch/s]
scoring burmese:  68%|########################################1                  | 6383/9375 [45:03<39:37,  1.26batch/s]
scoring burmese:  68%|########################################4                  | 6421/9375 [45:35<39:43,  1.24batch/s]
scoring burmese:  69%|########################################6                  | 6459/9375 [46:06<39:25,  1.23batch/s]
scoring burmese:  69%|########################################8                  | 6496/9375 [46:37<39:17,  1.22batch/s]
scoring burmese:  70%|#########################################1                 | 6533/9375 [47:08<39:03,  1.21batch/s]
scoring burmese:  70%|#########################################3                 | 6570/9375 [47:40<38:55,  1.20batch/s]
scoring burmese:  70%|#########################################5                 | 6607/9375 [48:12<38:49,  1.19batch/s]
scoring burmese:  71%|#########################################8                 | 6643/9375 [48:43<38:45,  1.17batch/s]
scoring burmese:  71%|##########################################                 | 6679/9375 [49:16<38:53,  1.16batch/s]
scoring burmese:  72%|##########################################2                | 6714/9375 [49:47<38:47,  1.14batch/s]
scoring burmese:  72%|##########################################4                | 6749/9375 [50:19<38:37,  1.13batch/s]
scoring burmese:  72%|##########################################6                | 6783/9375 [50:49<38:23,  1.13batch/s]
scoring burmese:  73%|##########################################9                | 6817/9375 [51:21<38:14,  1.11batch/s]
scoring burmese:  73%|###########################################1               | 6851/9375 [51:53<38:15,  1.10batch/s]
scoring burmese:  73%|###########################################3               | 6884/9375 [52:24<38:06,  1.09batch/s]
scoring burmese:  74%|###########################################5               | 6917/9375 [52:54<37:50,  1.08batch/s]
scoring burmese:  74%|###########################################7               | 6950/9375 [53:26<37:46,  1.07batch/s]
scoring burmese:  74%|###########################################9               | 6983/9375 [53:58<37:37,  1.06batch/s]
scoring burmese:  75%|############################################1              | 7015/9375 [54:29<37:30,  1.05batch/s]
scoring burmese:  75%|############################################3              | 7047/9375 [55:01<37:15,  1.04batch/s]
scoring burmese:  76%|############################################5              | 7079/9375 [55:32<37:03,  1.03batch/s]
scoring burmese:  76%|############################################7              | 7110/9375 [56:02<36:32,  1.03batch/s]
scoring burmese:  76%|############################################9              | 7141/9375 [56:33<36:23,  1.02batch/s]
scoring burmese:  77%|#############################################1             | 7172/9375 [57:05<36:19,  1.01batch/s]
scoring burmese:  77%|#############################################3             | 7203/9375 [57:36<36:12,  1.00s/batch]
scoring burmese:  77%|#############################################5             | 7234/9375 [58:08<36:00,  1.01s/batch]
scoring burmese:  77%|#############################################7             | 7264/9375 [58:40<35:47,  1.02s/batch]
scoring burmese:  78%|#############################################9             | 7294/9375 [59:11<35:37,  1.03s/batch]
scoring burmese:  78%|##############################################             | 7324/9375 [59:42<35:15,  1.03s/batch]
scoring burmese:  78%|############################################7            | 7354/9375 [1:00:13<34:47,  1.03s/batch]
scoring burmese:  79%|############################################8            | 7384/9375 [1:00:45<34:33,  1.04s/batch]
scoring burmese:  79%|#############################################            | 7413/9375 [1:01:17<34:26,  1.05s/batch]
scoring burmese:  79%|#############################################2           | 7442/9375 [1:01:48<34:13,  1.06s/batch]
scoring burmese:  80%|#############################################4           | 7471/9375 [1:02:20<34:05,  1.07s/batch]
scoring burmese:  80%|#############################################5           | 7499/9375 [1:02:50<33:36,  1.08s/batch]
scoring burmese:  80%|#############################################7           | 7527/9375 [1:03:22<33:32,  1.09s/batch]
scoring burmese:  81%|#############################################9           | 7555/9375 [1:03:53<33:28,  1.10s/batch]
scoring burmese:  81%|##############################################1          | 7583/9375 [1:04:25<33:06,  1.11s/batch]
scoring burmese:  81%|##############################################2          | 7611/9375 [1:04:57<32:51,  1.12s/batch]
scoring burmese:  81%|##############################################4          | 7638/9375 [1:05:29<32:51,  1.14s/batch]
scoring burmese:  82%|##############################################6          | 7665/9375 [1:06:00<32:28,  1.14s/batch]
scoring burmese:  82%|##############################################7          | 7692/9375 [1:06:31<32:06,  1.14s/batch]
scoring burmese:  82%|##############################################9          | 7719/9375 [1:07:03<31:51,  1.15s/batch]
scoring burmese:  83%|###############################################          | 7745/9375 [1:07:33<31:28,  1.16s/batch]
scoring burmese:  83%|###############################################2         | 7771/9375 [1:08:04<31:19,  1.17s/batch]
scoring burmese:  83%|###############################################4         | 7797/9375 [1:08:35<30:51,  1.17s/batch]
scoring burmese:  83%|###############################################5         | 7823/9375 [1:09:07<30:40,  1.19s/batch]
scoring burmese:  84%|###############################################7         | 7849/9375 [1:09:39<30:29,  1.20s/batch]
scoring burmese:  84%|###############################################8         | 7875/9375 [1:10:10<30:03,  1.20s/batch]
scoring burmese:  84%|################################################         | 7900/9375 [1:10:41<29:55,  1.22s/batch]
scoring burmese:  85%|################################################1        | 7925/9375 [1:11:12<29:33,  1.22s/batch]
scoring burmese:  85%|################################################3        | 7950/9375 [1:11:44<29:22,  1.24s/batch]
scoring burmese:  85%|################################################4        | 7975/9375 [1:12:15<29:00,  1.24s/batch]
scoring burmese:  85%|################################################6        | 8000/9375 [1:12:48<28:47,  1.26s/batch]
scoring burmese:  86%|################################################7        | 8024/9375 [1:13:18<28:27,  1.26s/batch]
scoring burmese:  86%|################################################9        | 8048/9375 [1:13:49<27:54,  1.26s/batch]
scoring burmese:  86%|#################################################        | 8072/9375 [1:14:20<27:49,  1.28s/batch]
scoring burmese:  86%|#################################################2       | 8096/9375 [1:14:51<27:17,  1.28s/batch]
scoring burmese:  87%|#################################################3       | 8120/9375 [1:15:22<26:55,  1.29s/batch]
scoring burmese:  87%|#################################################5       | 8144/9375 [1:15:53<26:17,  1.28s/batch]
scoring burmese:  87%|#################################################6       | 8168/9375 [1:16:26<26:26,  1.31s/batch]
scoring burmese:  87%|#################################################8       | 8191/9375 [1:16:57<26:01,  1.32s/batch]
scoring burmese:  88%|#################################################9       | 8214/9375 [1:17:28<25:39,  1.33s/batch]
scoring burmese:  88%|##################################################       | 8237/9375 [1:17:58<25:13,  1.33s/batch]
scoring burmese:  88%|##################################################2      | 8260/9375 [1:18:31<25:06,  1.35s/batch]
scoring burmese:  88%|##################################################3      | 8283/9375 [1:19:03<24:46,  1.36s/batch]
scoring burmese:  89%|##################################################5      | 8306/9375 [1:19:36<24:39,  1.38s/batch]
scoring burmese:  89%|##################################################6      | 8328/9375 [1:20:06<24:14,  1.39s/batch]
scoring burmese:  89%|##################################################7      | 8350/9375 [1:20:38<23:58,  1.40s/batch]
scoring burmese:  89%|##################################################9      | 8372/9375 [1:21:10<23:39,  1.41s/batch]
scoring burmese:  90%|###################################################      | 8394/9375 [1:21:41<23:06,  1.41s/batch]
scoring burmese:  90%|###################################################1     | 8416/9375 [1:22:13<22:48,  1.43s/batch]
scoring burmese:  90%|###################################################3     | 8438/9375 [1:22:45<22:21,  1.43s/batch]
scoring burmese:  90%|###################################################4     | 8459/9375 [1:23:16<22:07,  1.45s/batch]
scoring burmese:  90%|###################################################5     | 8480/9375 [1:23:47<21:47,  1.46s/batch]
scoring burmese:  91%|###################################################6     | 8501/9375 [1:24:19<21:23,  1.47s/batch]
scoring burmese:  91%|###################################################8     | 8522/9375 [1:24:51<21:06,  1.48s/batch]
scoring burmese:  91%|###################################################9     | 8543/9375 [1:25:22<20:37,  1.49s/batch]
scoring burmese:  91%|####################################################     | 8564/9375 [1:25:54<20:17,  1.50s/batch]
scoring burmese:  92%|####################################################1    | 8584/9375 [1:26:24<19:50,  1.51s/batch]
scoring burmese:  92%|####################################################3    | 8604/9375 [1:26:55<19:25,  1.51s/batch]
scoring burmese:  92%|####################################################4    | 8624/9375 [1:27:25<18:54,  1.51s/batch]
scoring burmese:  92%|####################################################5    | 8644/9375 [1:27:57<18:37,  1.53s/batch]
scoring burmese:  92%|####################################################6    | 8664/9375 [1:28:28<18:17,  1.54s/batch]
scoring burmese:  93%|####################################################7    | 8684/9375 [1:29:00<17:55,  1.56s/batch]
scoring burmese:  93%|####################################################9    | 8704/9375 [1:29:32<17:37,  1.58s/batch]
scoring burmese:  93%|#####################################################    | 8724/9375 [1:30:05<17:21,  1.60s/batch]
scoring burmese:  93%|#####################################################1   | 8743/9375 [1:30:37<16:58,  1.61s/batch]
scoring burmese:  93%|#####################################################2   | 8762/9375 [1:31:08<16:33,  1.62s/batch]
scoring burmese:  94%|#####################################################3   | 8781/9375 [1:31:39<16:07,  1.63s/batch]
scoring burmese:  94%|#####################################################5   | 8800/9375 [1:32:12<15:52,  1.66s/batch]
scoring burmese:  94%|#####################################################6   | 8819/9375 [1:32:44<15:23,  1.66s/batch]
scoring burmese:  94%|#####################################################7   | 8838/9375 [1:33:15<14:53,  1.66s/batch]
scoring burmese:  94%|#####################################################8   | 8857/9375 [1:33:48<14:34,  1.69s/batch]
scoring burmese:  95%|#####################################################9   | 8875/9375 [1:34:20<14:12,  1.70s/batch]
scoring burmese:  95%|######################################################   | 8893/9375 [1:34:50<13:39,  1.70s/batch]
scoring burmese:  95%|######################################################1  | 8911/9375 [1:35:22<13:15,  1.71s/batch]
scoring burmese:  95%|######################################################2  | 8929/9375 [1:35:54<12:51,  1.73s/batch]
scoring burmese:  95%|######################################################3  | 8947/9375 [1:36:25<12:25,  1.74s/batch]
scoring burmese:  96%|######################################################5  | 8965/9375 [1:36:56<11:47,  1.73s/batch]
scoring burmese:  96%|######################################################6  | 8983/9375 [1:37:28<11:21,  1.74s/batch]
scoring burmese:  96%|######################################################7  | 9001/9375 [1:38:00<10:57,  1.76s/batch]
scoring burmese:  96%|######################################################8  | 9019/9375 [1:38:32<10:27,  1.76s/batch]
scoring burmese:  96%|######################################################9  | 9037/9375 [1:39:05<10:01,  1.78s/batch]
scoring burmese:  97%|#######################################################  | 9055/9375 [1:39:35<09:22,  1.76s/batch]
scoring burmese:  97%|#######################################################1 | 9073/9375 [1:40:09<08:59,  1.79s/batch]
scoring burmese:  97%|#######################################################2 | 9090/9375 [1:40:41<08:38,  1.82s/batch]
scoring burmese:  97%|#######################################################3 | 9107/9375 [1:41:13<08:11,  1.83s/batch]
scoring burmese:  97%|#######################################################4 | 9124/9375 [1:41:45<07:43,  1.85s/batch]
scoring burmese:  98%|#######################################################5 | 9141/9375 [1:42:17<07:13,  1.85s/batch]
scoring burmese:  98%|#######################################################6 | 9158/9375 [1:42:49<06:46,  1.88s/batch]
scoring burmese:  98%|#######################################################7 | 9175/9375 [1:43:21<06:14,  1.87s/batch]
scoring burmese:  98%|#######################################################8 | 9192/9375 [1:43:54<05:44,  1.88s/batch]
scoring burmese:  98%|#######################################################9 | 9208/9375 [1:44:26<05:20,  1.92s/batch]
scoring burmese:  98%|######################################################## | 9224/9375 [1:44:57<04:50,  1.92s/batch]
scoring burmese:  99%|########################################################1| 9240/9375 [1:45:28<04:21,  1.94s/batch]
scoring burmese:  99%|########################################################2| 9256/9375 [1:46:00<03:51,  1.94s/batch]
scoring burmese:  99%|########################################################3| 9272/9375 [1:46:32<03:22,  1.96s/batch]
scoring burmese:  99%|########################################################4| 9288/9375 [1:47:03<02:49,  1.95s/batch]
scoring burmese:  99%|########################################################5| 9304/9375 [1:47:34<02:18,  1.95s/batch]
scoring burmese:  99%|########################################################6| 9320/9375 [1:48:06<01:48,  1.98s/batch]
scoring burmese: 100%|########################################################7| 9336/9375 [1:48:38<01:17,  1.99s/batch]
scoring burmese: 100%|########################################################8| 9352/9375 [1:49:11<00:46,  2.01s/batch]
scoring burmese: 100%|########################################################9| 9367/9375 [1:49:42<00:16,  2.02s/batch]
scoring burmese: 100%|#########################################################| 9375/9375 [1:49:59<00:00,  1.42batch/s]
[burmese] scored 300000 documents in 110.0 min (45.5 docs/s, 67,288 tokens/s): mean 1.61, sd 0.31, 5%/50%/95% = 1.09/1.62/2.09, above 5: 0.0%
scoring fil:   0%|                                                                          | 0/9375 [00:00<?, ?batch/s]
scoring fil:   5%|###                                                             | 449/9375 [00:30<09:57, 14.94batch/s]
scoring fil:  10%|######1                                                         | 898/9375 [01:03<10:06, 13.98batch/s]
scoring fil:  14%|########8                                                      | 1319/9375 [01:37<10:12, 13.16batch/s]
scoring fil:  18%|###########5                                                   | 1716/9375 [02:13<10:20, 12.35batch/s]
scoring fil:  22%|##############                                                 | 2089/9375 [02:48<10:20, 11.74batch/s]
scoring fil:  26%|################4                                              | 2443/9375 [03:23<10:22, 11.14batch/s]
scoring fil:  30%|##################6                                            | 2779/9375 [04:00<10:27, 10.50batch/s]
scoring fil:  33%|####################8                                          | 3096/9375 [04:36<10:34,  9.90batch/s]
scoring fil:  36%|######################8                                        | 3395/9375 [05:13<10:38,  9.37batch/s]
scoring fil:  39%|########################7                                      | 3678/9375 [05:49<10:44,  8.84batch/s]
scoring fil:  42%|##########################5                                    | 3945/9375 [06:25<10:45,  8.41batch/s]
scoring fil:  45%|############################2                                  | 4198/9375 [07:01<10:48,  7.98batch/s]
scoring fil:  47%|#############################8                                 | 4439/9375 [07:38<10:50,  7.58batch/s]
scoring fil:  50%|###############################3                               | 4667/9375 [08:13<10:52,  7.21batch/s]
scoring fil:  52%|################################8                              | 4884/9375 [08:49<10:54,  6.86batch/s]
scoring fil:  54%|##################################2                            | 5090/9375 [09:25<10:55,  6.54batch/s]
scoring fil:  56%|###################################5                           | 5287/9375 [10:01<10:55,  6.24batch/s]
scoring fil:  58%|####################################7                          | 5475/9375 [10:37<10:56,  5.94batch/s]
scoring fil:  60%|#####################################9                         | 5654/9375 [11:11<10:50,  5.72batch/s]
scoring fil:  62%|#######################################1                       | 5826/9375 [11:46<10:49,  5.47batch/s]
scoring fil:  64%|########################################2                      | 5990/9375 [12:20<10:42,  5.27batch/s]
scoring fil:  66%|#########################################3                     | 6148/9375 [12:55<10:36,  5.07batch/s]
scoring fil:  67%|##########################################3                    | 6300/9375 [13:28<10:23,  4.93batch/s]
scoring fil:  69%|###########################################3                   | 6448/9375 [14:02<10:13,  4.77batch/s]
scoring fil:  70%|############################################2                  | 6591/9375 [14:36<10:06,  4.59batch/s]
scoring fil:  72%|#############################################2                 | 6729/9375 [15:09<09:54,  4.45batch/s]
scoring fil:  73%|##############################################1                | 6863/9375 [15:43<09:40,  4.33batch/s]
scoring fil:  75%|##############################################9                | 6993/9375 [16:16<09:27,  4.20batch/s]
scoring fil:  76%|###############################################8               | 7119/9375 [16:50<09:15,  4.06batch/s]
scoring fil:  77%|################################################6              | 7241/9375 [17:23<09:01,  3.94batch/s]
scoring fil:  79%|#################################################4             | 7360/9375 [17:56<08:43,  3.85batch/s]
scoring fil:  80%|##################################################2            | 7476/9375 [18:29<08:25,  3.76batch/s]
scoring fil:  81%|##################################################9            | 7589/9375 [19:02<08:09,  3.65batch/s]
scoring fil:  82%|###################################################7           | 7699/9375 [19:36<07:54,  3.53batch/s]
scoring fil:  83%|####################################################4          | 7805/9375 [20:09<07:38,  3.42batch/s]
scoring fil:  84%|#####################################################1         | 7908/9375 [20:42<07:19,  3.34batch/s]
scoring fil:  85%|#####################################################8         | 8009/9375 [21:15<06:59,  3.26batch/s]
scoring fil:  86%|######################################################4        | 8107/9375 [21:48<06:41,  3.16batch/s]
scoring fil:  87%|#######################################################1       | 8202/9375 [22:21<06:19,  3.09batch/s]
scoring fil:  88%|#######################################################7       | 8295/9375 [22:54<05:59,  3.00batch/s]
scoring fil:  89%|########################################################3      | 8386/9375 [23:27<05:38,  2.92batch/s]
scoring fil:  90%|########################################################9      | 8474/9375 [23:59<05:12,  2.88batch/s]
scoring fil:  91%|#########################################################5     | 8561/9375 [24:32<04:50,  2.80batch/s]
scoring fil:  92%|##########################################################     | 8645/9375 [25:05<04:28,  2.72batch/s]
scoring fil:  93%|##########################################################6    | 8727/9375 [25:38<04:03,  2.66batch/s]
scoring fil:  94%|###########################################################1   | 8807/9375 [26:10<03:38,  2.60batch/s]
scoring fil:  95%|###########################################################7   | 8886/9375 [26:43<03:12,  2.54batch/s]
scoring fil:  96%|############################################################2  | 8963/9375 [27:17<02:46,  2.47batch/s]
scoring fil:  96%|############################################################7  | 9038/9375 [27:48<02:18,  2.44batch/s]
scoring fil:  97%|#############################################################2 | 9112/9375 [28:21<01:50,  2.39batch/s]
scoring fil:  98%|#############################################################7 | 9184/9375 [28:53<01:21,  2.34batch/s]
scoring fil:  99%|##############################################################1| 9255/9375 [29:26<00:52,  2.29batch/s]
scoring fil:  99%|##############################################################6| 9324/9375 [29:58<00:22,  2.26batch/s]
scoring fil: 100%|###############################################################| 9375/9375 [30:20<00:00,  5.15batch/s]
[fil] scored 300000 documents in 30.4 min (164.6 docs/s, 79,323 tokens/s): mean 1.24, sd 0.39, 5%/50%/95% = 0.57/1.25/1.85, above 5: 0.0%
scoring indo:   0%|                                                                         | 0/9375 [00:00<?, ?batch/s]
scoring indo:   5%|###                                                            | 451/9375 [00:30<09:54, 15.00batch/s]
