Loading weights:   0%|          | 0/138 [00:00<?, ?it/s]Loading weights:  38%|███▊      | 52/138 [00:00<00:00, 394.05it/s]Loading weights:  67%|██████▋   | 92/138 [00:00<00:00, 231.07it/s]Loading weights:  86%|████████▌ | 119/138 [00:00<00:00, 174.63it/s]Loading weights: 100%|██████████| 138/138 [00:00<00:00, 205.89it/s]
Rater: checkpoints/rater_7languages/finetuned/mean/reasoning/model | pooling=mean | labels=1 | device=cuda bf16=True
[burmese] already scored (300000 documents), skipping (use --force to redo)
[fil] already scored (300000 documents), skipping (use --force to redo)
scoring indo:   0%|                                                                         | 0/9375 [00:00<?, ?batch/s]
scoring indo:   5%|###1                                                           | 463/9375 [00:30<09:37, 15.42batch/s]
scoring indo:  10%|######2                                                        | 926/9375 [01:08<10:34, 13.32batch/s]
scoring indo:  14%|########8                                                     | 1332/9375 [01:47<11:20, 11.81batch/s]
scoring indo:  18%|###########1                                                  | 1693/9375 [02:25<11:46, 10.88batch/s]
scoring indo:  22%|#############3                                                | 2024/9375 [03:03<12:06, 10.12batch/s]
scoring indo:  25%|###############4                                              | 2331/9375 [03:41<12:27,  9.43batch/s]
scoring indo:  28%|#################3                                            | 2616/9375 [04:17<12:39,  8.90batch/s]
scoring indo:  31%|###################                                           | 2885/9375 [04:54<12:48,  8.44batch/s]
scoring indo:  33%|####################7                                         | 3139/9375 [05:29<12:56,  8.03batch/s]
scoring indo:  36%|######################3                                       | 3381/9375 [06:05<12:58,  7.69batch/s]
scoring indo:  39%|#######################8                                      | 3612/9375 [06:39<12:59,  7.40batch/s]
scoring indo:  41%|#########################3                                    | 3834/9375 [07:14<13:01,  7.09batch/s]
scoring indo:  43%|##########################7                                   | 4047/9375 [07:49<13:02,  6.81batch/s]
scoring indo:  45%|############################1                                 | 4251/9375 [08:22<12:57,  6.59batch/s]
scoring indo:  47%|#############################4                                | 4449/9375 [08:56<12:52,  6.38batch/s]
scoring indo:  49%|##############################6                               | 4640/9375 [09:29<12:45,  6.18batch/s]
scoring indo:  51%|###############################9                              | 4826/9375 [10:03<12:38,  6.00batch/s]
scoring indo:  53%|#################################1                            | 5006/9375 [10:36<12:26,  5.85batch/s]
scoring indo:  55%|##################################2                           | 5182/9375 [11:09<12:16,  5.69batch/s]
scoring indo:  57%|###################################4                          | 5353/9375 [11:41<12:03,  5.56batch/s]
scoring indo:  59%|####################################5                         | 5520/9375 [12:14<11:49,  5.43batch/s]
scoring indo:  61%|#####################################5                        | 5683/9375 [12:46<11:34,  5.31batch/s]
scoring indo:  62%|######################################6                       | 5843/9375 [13:19<11:18,  5.21batch/s]
scoring indo:  64%|#######################################6                      | 5999/9375 [13:51<11:02,  5.10batch/s]
scoring indo:  66%|########################################6                     | 6152/9375 [14:23<10:47,  4.98batch/s]
scoring indo:  67%|#########################################6                    | 6302/9375 [14:55<10:28,  4.89batch/s]
scoring indo:  69%|##########################################6                   | 6449/9375 [15:29<10:17,  4.74batch/s]
scoring indo:  70%|###########################################5                  | 6592/9375 [16:02<10:03,  4.61batch/s]
scoring indo:  72%|############################################5                 | 6731/9375 [16:34<09:45,  4.51batch/s]
scoring indo:  73%|#############################################4                | 6867/9375 [17:07<09:27,  4.42batch/s]
scoring indo:  75%|##############################################2               | 7000/9375 [17:39<09:07,  4.33batch/s]
scoring indo:  76%|###############################################1              | 7130/9375 [18:11<08:47,  4.25batch/s]
scoring indo:  77%|###############################################9              | 7258/9375 [18:44<08:30,  4.15batch/s]
scoring indo:  79%|################################################8             | 7383/9375 [19:16<08:10,  4.06batch/s]
scoring indo:  80%|#################################################6            | 7505/9375 [19:48<07:49,  3.98batch/s]
scoring indo:  81%|##################################################4           | 7625/9375 [20:21<07:28,  3.90batch/s]
scoring indo:  83%|###################################################2          | 7743/9375 [20:52<07:04,  3.85batch/s]
scoring indo:  84%|###################################################9          | 7859/9375 [21:25<06:42,  3.77batch/s]
scoring indo:  85%|####################################################7         | 7973/9375 [21:57<06:19,  3.69batch/s]
scoring indo:  86%|#####################################################4        | 8084/9375 [22:29<05:57,  3.61batch/s]
scoring indo:  87%|######################################################1       | 8193/9375 [23:02<05:33,  3.55batch/s]
scoring indo:  89%|######################################################8       | 8300/9375 [23:33<05:07,  3.49batch/s]
scoring indo:  90%|#######################################################5      | 8405/9375 [24:06<04:44,  3.41batch/s]
scoring indo:  91%|########################################################2     | 8508/9375 [24:39<04:20,  3.33batch/s]
scoring indo:  92%|########################################################9     | 8608/9375 [25:11<03:54,  3.27batch/s]
scoring indo:  93%|#########################################################5    | 8707/9375 [25:43<03:28,  3.21batch/s]
scoring indo:  94%|##########################################################2   | 8804/9375 [26:14<03:00,  3.17batch/s]
scoring indo:  95%|##########################################################8   | 8900/9375 [26:46<02:31,  3.13batch/s]
scoring indo:  96%|###########################################################4  | 8994/9375 [27:18<02:04,  3.07batch/s]
scoring indo:  97%|############################################################  | 9086/9375 [27:49<01:35,  3.04batch/s]
scoring indo:  98%|############################################################6 | 9178/9375 [28:22<01:06,  2.97batch/s]
scoring indo:  99%|#############################################################2| 9268/9375 [28:54<00:36,  2.93batch/s]
scoring indo: 100%|#############################################################8| 9357/9375 [29:27<00:06,  2.85batch/s]
scoring indo: 100%|##############################################################| 9375/9375 [29:34<00:00,  5.28batch/s]
[indo] scored 300000 documents in 29.6 min (168.9 docs/s, 78,664 tokens/s): mean 2.31, sd 0.63, 5%/50%/95% = 1.16/2.38/3.22, above 5: 0.0%
scoring khmer:   0%|                                                                        | 0/9375 [00:00<?, ?batch/s]
scoring khmer:   2%|#2                                                            | 184/9375 [00:30<25:04,  6.11batch/s]
scoring khmer:   4%|##4                                                           | 368/9375 [01:02<25:47,  5.82batch/s]
scoring khmer:   6%|###5                                                          | 543/9375 [01:36<26:30,  5.55batch/s]
scoring khmer:   8%|####6                                                         | 710/9375 [02:09<27:08,  5.32batch/s]
scoring khmer:   9%|#####7                                                        | 870/9375 [02:43<27:46,  5.10batch/s]
scoring khmer:  11%|######6                                                      | 1024/9375 [03:17<28:23,  4.90batch/s]
scoring khmer:  13%|#######6                                                     | 1172/9375 [03:51<29:03,  4.71batch/s]
scoring khmer:  14%|########5                                                    | 1314/9375 [04:25<29:35,  4.54batch/s]
scoring khmer:  15%|#########4                                                   | 1451/9375 [05:00<30:14,  4.37batch/s]
scoring khmer:  17%|##########3                                                  | 1583/9375 [05:34<30:48,  4.21batch/s]
scoring khmer:  18%|###########1                                                 | 1710/9375 [06:08<31:20,  4.08batch/s]
scoring khmer:  20%|###########9                                                 | 1833/9375 [06:41<31:49,  3.95batch/s]
scoring khmer:  21%|############7                                                | 1952/9375 [07:15<32:16,  3.83batch/s]
scoring khmer:  22%|#############4                                               | 2067/9375 [07:48<32:41,  3.73batch/s]
scoring khmer:  23%|##############1                                              | 2179/9375 [08:21<33:13,  3.61batch/s]
scoring khmer:  24%|##############8                                              | 2288/9375 [08:54<33:36,  3.52batch/s]
scoring khmer:  26%|###############5                                             | 2394/9375 [09:27<33:53,  3.43batch/s]
scoring khmer:  27%|################2                                            | 2497/9375 [10:00<34:12,  3.35batch/s]
scoring khmer:  28%|################9                                            | 2598/9375 [10:33<34:34,  3.27batch/s]
scoring khmer:  29%|#################5                                           | 2696/9375 [11:05<34:47,  3.20batch/s]
scoring khmer:  30%|##################1                                          | 2792/9375 [11:37<35:08,  3.12batch/s]
scoring khmer:  31%|##################7                                          | 2886/9375 [12:11<35:43,  3.03batch/s]
scoring khmer:  32%|###################3                                         | 2977/9375 [12:44<36:08,  2.95batch/s]
scoring khmer:  33%|###################9                                         | 3066/9375 [13:17<36:34,  2.87batch/s]
scoring khmer:  34%|####################5                                        | 3153/9375 [13:49<36:47,  2.82batch/s]
scoring khmer:  35%|#####################                                        | 3238/9375 [14:21<36:56,  2.77batch/s]
