Working directory: /home/mai.chau/workspace/CoRaL | RUN_DIRS= | MODELS=checkpoints/lora_cpt/gemma-3-1b-pt/random_50M_7languages_ep1_seed42/final google/gemma-3-1b-pt checkpoints/lora_cpt/gemma-3-1b-pt/edu_50M_7languages_ep1_seed42/final checkpoints/lora_cpt/gemma-3-1b-pt/cult_50M_7languages_ep1_seed42/final checkpoints/lora_cpt/gemma-3-1b-pt/avg5_50M_7languages_ep1_seed42/final checkpoints/lora_cpt/gemma-3-1b-pt/rr5_50M_7languages_ep1_seed42/final | DATASETS=annotated_hq
Thu Oct  8 16:08:02 2026       
+-----------------------------------------------------------------------------------------+
| NVIDIA-SMI 570.195.03             Driver Version: 570.195.03     CUDA Version: 12.8     |
|-----------------------------------------+------------------------+----------------------+
| GPU  Name                 Persistence-M | Bus-Id          Disp.A | Volatile Uncorr. ECC |
| Fan  Temp   Perf          Pwr:Usage/Cap |           Memory-Usage | GPU-Util  Compute M. |
|                                         |                        |               MIG M. |
|=========================================+========================+======================|
|   0  NVIDIA A100-SXM4-40GB          On  |   00000000:01:00.0 Off |                    0 |
| N/A   56C    P0            289W /  400W |   31461MiB /  40960MiB |    100%      Default |
|                                         |                        |             Disabled |
+-----------------------------------------+------------------------+----------------------+
|   1  NVIDIA A100-SXM4-40GB          On  |   00000000:41:00.0 Off |                    0 |
| N/A   58C    P0            355W /  400W |   20367MiB /  40960MiB |    100%      Default |
|                                         |                        |             Disabled |
+-----------------------------------------+------------------------+----------------------+
|   2  NVIDIA A100-SXM4-40GB          On  |   00000000:81:00.0 Off |                    0 |
| N/A   28C    P0             61W /  400W |   14185MiB /  40960MiB |      8%      Default |
|                                         |                        |             Disabled |
+-----------------------------------------+------------------------+----------------------+
|   3  NVIDIA A100-SXM4-40GB          On  |   00000000:C1:00.0 Off |                    0 |
| N/A   27C    P0             53W /  400W |       0MiB /  40960MiB |      0%      Default |
|                                         |                        |             Disabled |
+-----------------------------------------+------------------------+----------------------+
                                                                                         
+-----------------------------------------------------------------------------------------+
| Processes:                                                                              |
|  GPU   GI   CI              PID   Type   Process name                        GPU Memory |
|        ID   ID                                                               Usage      |
|=========================================================================================|
|    0   N/A  N/A         4042733      C   ...ly/worldlab/.venv/bin/python3      30900MiB |
|    0   N/A  N/A         4042734      C   ...ly/worldlab/.venv/bin/python3        544MiB |
|    1   N/A  N/A         4042734      C   ...ly/worldlab/.venv/bin/python3      20358MiB |
|    2   N/A  N/A         4151984      C   ...azzak/halo_ext/env/bin/python      14176MiB |
+-----------------------------------------------------------------------------------------+
torch 2.6.0+cu124 | cuda available: True
=== random_50M_7languages_ep1_seed42 ===
  pretrained model: context 2048 tokens, start token '<bos>', vocab 262,145
load_table: 167 duplicate-doc_id rows dropped (kept first occurrence of 6639 unique doc_ids)
  [annotated/fil, top 50% by avg5] documents=474 loss=2.4172 perplexity=11.2 bits/byte=1.0387
  [annotated/fil, top 50% by cleanliness] documents=474 loss=2.4251 perplexity=11.3 bits/byte=1.0233
  [annotated/indo, top 50% by avg5] documents=473 loss=2.4380 perplexity=11.5 bits/byte=0.8054
  [annotated/indo, top 50% by cleanliness] documents=473 loss=2.4745 perplexity=11.9 bits/byte=0.8032
  [annotated/khmer, top 50% by avg5] documents=474 loss=1.7267 perplexity=5.6 bits/byte=0.4150
  [annotated/khmer, top 50% by cleanliness] documents=474 loss=1.7103 perplexity=5.5 bits/byte=0.4111
  [annotated/malay, top 50% by avg5] documents=470 loss=2.6774 perplexity=14.5 bits/byte=0.9232
  [annotated/malay, top 50% by cleanliness] documents=470 loss=2.7714 perplexity=16.0 bits/byte=0.9543
  [annotated/thai, top 50% by avg5] documents=469 loss=2.2044 perplexity=9.1 bits/byte=0.3944
  [annotated/thai, top 50% by cleanliness] documents=469 loss=2.1931 perplexity=9.0 bits/byte=0.3877
  [annotated/vie, top 50% by avg5] documents=472 loss=2.1999 perplexity=9.0 bits/byte=0.6688
  [annotated/vie, top 50% by cleanliness] documents=472 loss=2.1962 perplexity=9.0 bits/byte=0.6640
  [annotated/burmese, top 50% by avg5] documents=487 loss=2.0051 perplexity=7.4 bits/byte=0.4393
  [annotated/burmese, top 50% by cleanliness] documents=487 loss=1.9868 perplexity=7.3 bits/byte=0.4250
Wrote checkpoints/lora_cpt/gemma-3-1b-pt/random_50M_7languages_ep1_seed42/wiki_sib200_eval/results.json and summary.md
=== gemma-3-1b-pt ===
  pretrained model: context 2048 tokens, start token '<bos>', vocab 262,145
load_table: 167 duplicate-doc_id rows dropped (kept first occurrence of 6639 unique doc_ids)
  [annotated/fil, top 50% by avg5] documents=474 loss=2.4920 perplexity=12.1 bits/byte=1.0708
  [annotated/fil, top 50% by cleanliness] documents=474 loss=2.5065 perplexity=12.3 bits/byte=1.0576
  [annotated/indo, top 50% by avg5] documents=473 loss=2.4606 perplexity=11.7 bits/byte=0.8128
  [annotated/indo, top 50% by cleanliness] documents=473 loss=2.4940 perplexity=12.1 bits/byte=0.8096
  [annotated/khmer, top 50% by avg5] documents=474 loss=1.9424 perplexity=7.0 bits/byte=0.4668
  [annotated/khmer, top 50% by cleanliness] documents=474 loss=1.9431 perplexity=7.0 bits/byte=0.4670
  [annotated/malay, top 50% by avg5] documents=470 loss=2.7818 perplexity=16.1 bits/byte=0.9592
  [annotated/malay, top 50% by cleanliness] documents=470 loss=2.9005 perplexity=18.2 bits/byte=0.9988
  [annotated/thai, top 50% by avg5] documents=469 loss=2.2119 perplexity=9.1 bits/byte=0.3957
  [annotated/thai, top 50% by cleanliness] documents=469 loss=2.2033 perplexity=9.1 bits/byte=0.3895
  [annotated/vie, top 50% by avg5] documents=472 loss=2.2026 perplexity=9.0 bits/byte=0.6696
  [annotated/vie, top 50% by cleanliness] documents=472 loss=2.2015 perplexity=9.0 bits/byte=0.6656
  [annotated/burmese, top 50% by avg5] documents=487 loss=2.2204 perplexity=9.2 bits/byte=0.4865
  [annotated/burmese, top 50% by cleanliness] documents=487 loss=2.2159 perplexity=9.2 bits/byte=0.4740
Wrote checkpoints/hub_models/gemma-3-1b-pt/wiki_sib200_eval/results.json and summary.md
=== edu_50M_7languages_ep1_seed42 ===
  pretrained model: context 2048 tokens, start token '<bos>', vocab 262,145
load_table: 167 duplicate-doc_id rows dropped (kept first occurrence of 6639 unique doc_ids)
  [annotated/fil, top 50% by avg5] documents=474 loss=2.4049 perplexity=11.1 bits/byte=1.0334
  [annotated/fil, top 50% by cleanliness] documents=474 loss=2.4223 perplexity=11.3 bits/byte=1.0221
  [annotated/indo, top 50% by avg5] documents=473 loss=2.4301 perplexity=11.4 bits/byte=0.8027
  [annotated/indo, top 50% by cleanliness] documents=473 loss=2.4732 perplexity=11.9 bits/byte=0.8028
  [annotated/khmer, top 50% by avg5] documents=474 loss=1.7268 perplexity=5.6 bits/byte=0.4150
  [annotated/khmer, top 50% by cleanliness] documents=474 loss=1.7322 perplexity=5.7 bits/byte=0.4163
  [annotated/malay, top 50% by avg5] documents=470 loss=2.6715 perplexity=14.5 bits/byte=0.9211
  [annotated/malay, top 50% by cleanliness] documents=470 loss=2.7847 perplexity=16.2 bits/byte=0.9589
  [annotated/thai, top 50% by avg5] documents=469 loss=2.1945 perplexity=9.0 bits/byte=0.3926
  [annotated/thai, top 50% by cleanliness] documents=469 loss=2.1852 perplexity=8.9 bits/byte=0.3863
  [annotated/vie, top 50% by avg5] documents=472 loss=2.1974 perplexity=9.0 bits/byte=0.6680
  [annotated/vie, top 50% by cleanliness] documents=472 loss=2.1949 perplexity=9.0 bits/byte=0.6636
  [annotated/burmese, top 50% by avg5] documents=487 loss=1.9826 perplexity=7.3 bits/byte=0.4344
  [annotated/burmese, top 50% by cleanliness] documents=487 loss=1.9834 perplexity=7.3 bits/byte=0.4243
Wrote checkpoints/lora_cpt/gemma-3-1b-pt/edu_50M_7languages_ep1_seed42/wiki_sib200_eval/results.json and summary.md
=== cult_50M_7languages_ep1_seed42 ===
  pretrained model: context 2048 tokens, start token '<bos>', vocab 262,145
load_table: 167 duplicate-doc_id rows dropped (kept first occurrence of 6639 unique doc_ids)
  [annotated/fil, top 50% by avg5] documents=474 loss=2.4172 perplexity=11.2 bits/byte=1.0387
  [annotated/fil, top 50% by cleanliness] documents=474 loss=2.4336 perplexity=11.4 bits/byte=1.0269
  [annotated/indo, top 50% by avg5] documents=473 loss=2.4469 perplexity=11.6 bits/byte=0.8083
  [annotated/indo, top 50% by cleanliness] documents=473 loss=2.4833 perplexity=12.0 bits/byte=0.8061
  [annotated/khmer, top 50% by avg5] documents=474 loss=1.7373 perplexity=5.7 bits/byte=0.4175
  [annotated/khmer, top 50% by cleanliness] documents=474 loss=1.7332 perplexity=5.7 bits/byte=0.4166
  [annotated/malay, top 50% by avg5] documents=470 loss=2.6743 perplexity=14.5 bits/byte=0.9221
  [annotated/malay, top 50% by cleanliness] documents=470 loss=2.7725 perplexity=16.0 bits/byte=0.9547
  [annotated/thai, top 50% by avg5] documents=469 loss=2.2005 perplexity=9.0 bits/byte=0.3937
  [annotated/thai, top 50% by cleanliness] documents=469 loss=2.1899 perplexity=8.9 bits/byte=0.3871
  [annotated/vie, top 50% by avg5] documents=472 loss=2.1989 perplexity=9.0 bits/byte=0.6685
  [annotated/vie, top 50% by cleanliness] documents=472 loss=2.1961 perplexity=9.0 bits/byte=0.6639
  [annotated/burmese, top 50% by avg5] documents=487 loss=2.0134 perplexity=7.5 bits/byte=0.4411
  [annotated/burmese, top 50% by cleanliness] documents=487 loss=1.9912 perplexity=7.3 bits/byte=0.4259
Wrote checkpoints/lora_cpt/gemma-3-1b-pt/cult_50M_7languages_ep1_seed42/wiki_sib200_eval/results.json and summary.md
=== avg5_50M_7languages_ep1_seed42 ===
  pretrained model: context 2048 tokens, start token '<bos>', vocab 262,145
load_table: 167 duplicate-doc_id rows dropped (kept first occurrence of 6639 unique doc_ids)
  [annotated/fil, top 50% by avg5] documents=474 loss=2.3937 perplexity=11.0 bits/byte=1.0286
  [annotated/fil, top 50% by cleanliness] documents=474 loss=2.4083 perplexity=11.1 bits/byte=1.0162
  [annotated/indo, top 50% by avg5] documents=473 loss=2.4311 perplexity=11.4 bits/byte=0.8031
  [annotated/indo, top 50% by cleanliness] documents=473 loss=2.4732 perplexity=11.9 bits/byte=0.8028
  [annotated/khmer, top 50% by avg5] documents=474 loss=1.7096 perplexity=5.5 bits/byte=0.4109
  [annotated/khmer, top 50% by cleanliness] documents=474 loss=1.7152 perplexity=5.6 bits/byte=0.4122
  [annotated/malay, top 50% by avg5] documents=470 loss=2.6565 perplexity=14.2 bits/byte=0.9160
  [annotated/malay, top 50% by cleanliness] documents=470 loss=2.7650 perplexity=15.9 bits/byte=0.9521
  [annotated/thai, top 50% by avg5] documents=469 loss=2.1944 perplexity=9.0 bits/byte=0.3926
  [annotated/thai, top 50% by cleanliness] documents=469 loss=2.1843 perplexity=8.9 bits/byte=0.3861
  [annotated/vie, top 50% by avg5] documents=472 loss=2.1953 perplexity=9.0 bits/byte=0.6674
  [annotated/vie, top 50% by cleanliness] documents=472 loss=2.1928 perplexity=9.0 bits/byte=0.6629
  [annotated/burmese, top 50% by avg5] documents=487 loss=1.9694 perplexity=7.2 bits/byte=0.4315
  [annotated/burmese, top 50% by cleanliness] documents=487 loss=1.9564 perplexity=7.1 bits/byte=0.4185
Wrote checkpoints/lora_cpt/gemma-3-1b-pt/avg5_50M_7languages_ep1_seed42/wiki_sib200_eval/results.json and summary.md
=== rr5_50M_7languages_ep1_seed42 ===
  pretrained model: context 2048 tokens, start token '<bos>', vocab 262,145
load_table: 167 duplicate-doc_id rows dropped (kept first occurrence of 6639 unique doc_ids)
  [annotated/fil, top 50% by avg5] documents=474 loss=2.3966 perplexity=11.0 bits/byte=1.0299
  [annotated/fil, top 50% by cleanliness] documents=474 loss=2.4119 perplexity=11.2 bits/byte=1.0177
  [annotated/indo, top 50% by avg5] documents=473 loss=2.4266 perplexity=11.3 bits/byte=0.8016
  [annotated/indo, top 50% by cleanliness] documents=473 loss=2.4714 perplexity=11.8 bits/byte=0.8022
  [annotated/khmer, top 50% by avg5] documents=474 loss=1.7102 perplexity=5.5 bits/byte=0.4110
  [annotated/khmer, top 50% by cleanliness] documents=474 loss=1.7101 perplexity=5.5 bits/byte=0.4110
  [annotated/malay, top 50% by avg5] documents=470 loss=2.6686 perplexity=14.4 bits/byte=0.9202
  [annotated/malay, top 50% by cleanliness] documents=470 loss=2.7709 perplexity=16.0 bits/byte=0.9542
  [annotated/thai, top 50% by avg5] documents=469 loss=2.1947 perplexity=9.0 bits/byte=0.3926
  [annotated/thai, top 50% by cleanliness] documents=469 loss=2.1855 perplexity=8.9 bits/byte=0.3863
  [annotated/vie, top 50% by avg5] documents=472 loss=2.1945 perplexity=9.0 bits/byte=0.6672
  [annotated/vie, top 50% by cleanliness] documents=472 loss=2.1919 perplexity=9.0 bits/byte=0.6627
  [annotated/burmese, top 50% by avg5] documents=487 loss=1.9752 perplexity=7.2 bits/byte=0.4328
  [annotated/burmese, top 50% by cleanliness] documents=487 loss=1.9651 perplexity=7.1 bits/byte=0.4204
Wrote checkpoints/lora_cpt/gemma-3-1b-pt/rr5_50M_7languages_ep1_seed42/wiki_sib200_eval/results.json and summary.md
Wrote checkpoints/lora_cpt/gemma-3-1b-pt/ppl_comparison.md
Done: checkpoints/lora_cpt/gemma-3-1b-pt/ppl_comparison.md
