Working directory: /home/mai.chau/workspace/CoRaL | RUN_DIRS= | MODELS=checkpoints/lora_cpt/gemma-3-1b-pt/random_50M_7languages_ep1_seed42/final google/gemma-3-1b-pt checkpoints/lora_cpt/gemma-3-1b-pt/edu_50M_7languages_ep1_seed42/final checkpoints/lora_cpt/gemma-3-1b-pt/cult_50M_7languages_ep1_seed42/final checkpoints/lora_cpt/gemma-3-1b-pt/avg5_50M_7languages_ep1_seed42/final checkpoints/lora_cpt/gemma-3-1b-pt/rr5_50M_7languages_ep1_seed42/final | DATASETS=annotated_hq
Thu Oct  8 16:07:32 2026       
+-----------------------------------------------------------------------------------------+
| NVIDIA-SMI 570.195.03             Driver Version: 570.195.03     CUDA Version: 12.8     |
|-----------------------------------------+------------------------+----------------------+
| GPU  Name                 Persistence-M | Bus-Id          Disp.A | Volatile Uncorr. ECC |
| Fan  Temp   Perf          Pwr:Usage/Cap |           Memory-Usage | GPU-Util  Compute M. |
|                                         |                        |               MIG M. |
|=========================================+========================+======================|
|   0  NVIDIA A100-SXM4-40GB          On  |   00000000:01:00.0 Off |                    0 |
| N/A   56C    P0            353W /  400W |   31461MiB /  40960MiB |    100%      Default |
|                                         |                        |             Disabled |
+-----------------------------------------+------------------------+----------------------+
|   1  NVIDIA A100-SXM4-40GB          On  |   00000000:41:00.0 Off |                    0 |
| N/A   58C    P0            356W /  400W |   20367MiB /  40960MiB |    100%      Default |
|                                         |                        |             Disabled |
+-----------------------------------------+------------------------+----------------------+
|   2  NVIDIA A100-SXM4-40GB          On  |   00000000:81:00.0 Off |                    0 |
| N/A   29C    P0             61W /  400W |   14185MiB /  40960MiB |      1%      Default |
|                                         |                        |             Disabled |
+-----------------------------------------+------------------------+----------------------+
|   3  NVIDIA A100-SXM4-40GB          On  |   00000000:C1:00.0 Off |                    0 |
| N/A   27C    P0             53W /  400W |       0MiB /  40960MiB |      0%      Default |
|                                         |                        |             Disabled |
+-----------------------------------------+------------------------+----------------------+
                                                                                         
+-----------------------------------------------------------------------------------------+
| Processes:                                                                              |
|  GPU   GI   CI              PID   Type   Process name                        GPU Memory |
|        ID   ID                                                               Usage      |
|=========================================================================================|
|    0   N/A  N/A         4042733      C   ...ly/worldlab/.venv/bin/python3      30900MiB |
|    0   N/A  N/A         4042734      C   ...ly/worldlab/.venv/bin/python3        544MiB |
|    1   N/A  N/A         4042734      C   ...ly/worldlab/.venv/bin/python3      20358MiB |
|    2   N/A  N/A         4151984      C   ...azzak/halo_ext/env/bin/python      14176MiB |
+-----------------------------------------------------------------------------------------+
