Loading weights:   0%|          | 0/138 [00:00<?, ?it/s]Loading weights:  22%|██▏       | 30/138 [00:00<00:00, 148.91it/s]Loading weights:  37%|███▋      | 51/138 [00:00<00:00, 150.05it/s]Loading weights:  49%|████▊     | 67/138 [00:00<00:00, 105.18it/s]Loading weights:  57%|█████▋    | 79/138 [00:00<00:00, 94.71it/s] Loading weights:  64%|██████▍   | 89/138 [00:00<00:00, 78.62it/s]Loading weights:  71%|███████   | 98/138 [00:01<00:00, 62.02it/s]Loading weights:  76%|███████▌  | 105/138 [00:01<00:00, 50.56it/s]Loading weights:  90%|████████▉ | 124/138 [00:01<00:00, 75.28it/s]Loading weights: 100%|██████████| 138/138 [00:01<00:00, 89.03it/s]
Rater: checkpoints/rater_7languages/finetuned/mean/cleanliness/model | pooling=mean | labels=1 | device=cuda bf16=True
scoring burmese:   0%|                                                                      | 0/9375 [00:00<?, ?batch/s]
scoring burmese:   2%|#3                                                          | 208/9375 [00:30<22:08,  6.90batch/s]
scoring burmese:   4%|##6                                                         | 416/9375 [01:03<23:11,  6.44batch/s]
scoring burmese:   7%|###9                                                        | 610/9375 [01:39<24:32,  5.95batch/s]
scoring burmese:   8%|#####                                                       | 790/9375 [02:15<25:41,  5.57batch/s]
scoring burmese:  10%|######1                                                     | 959/9375 [02:51<26:48,  5.23batch/s]
scoring burmese:  12%|#######                                                    | 1117/9375 [03:28<27:54,  4.93batch/s]
scoring burmese:  14%|#######9                                                   | 1266/9375 [04:03<28:54,  4.68batch/s]
scoring burmese:  15%|########8                                                  | 1407/9375 [04:39<29:47,  4.46batch/s]
scoring burmese:  16%|#########7                                                 | 1542/9375 [05:14<30:35,  4.27batch/s]
scoring burmese:  18%|##########5                                                | 1671/9375 [05:49<31:21,  4.10batch/s]
scoring burmese:  19%|###########2                                               | 1794/9375 [06:23<32:03,  3.94batch/s]
scoring burmese:  20%|############                                               | 1913/9375 [06:58<32:46,  3.80batch/s]
scoring burmese:  22%|############7                                              | 2027/9375 [07:32<33:28,  3.66batch/s]
scoring burmese:  23%|#############4                                             | 2137/9375 [08:06<34:05,  3.54batch/s]
scoring burmese:  24%|##############1                                            | 2244/9375 [08:39<34:42,  3.42batch/s]
scoring burmese:  25%|##############7                                            | 2347/9375 [09:13<35:23,  3.31batch/s]
scoring burmese:  26%|###############3                                           | 2447/9375 [09:47<35:55,  3.21batch/s]
scoring burmese:  27%|################                                           | 2544/9375 [10:21<36:36,  3.11batch/s]
scoring burmese:  28%|################6                                          | 2638/9375 [10:54<37:15,  3.01batch/s]
scoring burmese:  29%|#################1                                         | 2729/9375 [11:28<37:46,  2.93batch/s]
scoring burmese:  30%|#################7                                         | 2817/9375 [12:00<38:14,  2.86batch/s]
scoring burmese:  31%|##################2                                        | 2903/9375 [12:33<38:41,  2.79batch/s]
scoring burmese:  32%|##################7                                        | 2987/9375 [13:06<39:04,  2.72batch/s]
scoring burmese:  33%|###################3                                       | 3069/9375 [13:38<39:28,  2.66batch/s]
scoring burmese:  34%|###################8                                       | 3149/9375 [14:11<39:48,  2.61batch/s]
scoring burmese:  34%|####################3                                      | 3228/9375 [14:43<39:58,  2.56batch/s]
scoring burmese:  35%|####################7                                      | 3305/9375 [15:15<40:14,  2.51batch/s]
scoring burmese:  36%|#####################2                                     | 3381/9375 [15:47<40:22,  2.47batch/s]
scoring burmese:  37%|#####################7                                     | 3456/9375 [16:19<40:42,  2.42batch/s]
scoring burmese:  38%|######################2                                    | 3529/9375 [16:52<40:59,  2.38batch/s]
scoring burmese:  38%|######################6                                    | 3601/9375 [17:23<40:57,  2.35batch/s]
scoring burmese:  39%|#######################1                                   | 3672/9375 [17:54<40:52,  2.32batch/s]
scoring burmese:  40%|#######################5                                   | 3742/9375 [18:26<40:55,  2.29batch/s]
scoring burmese:  41%|#######################9                                   | 3811/9375 [18:57<40:56,  2.27batch/s]
scoring burmese:  41%|########################4                                  | 3879/9375 [19:28<40:50,  2.24batch/s]
scoring burmese:  42%|########################8                                  | 3947/9375 [20:01<41:01,  2.21batch/s]
scoring burmese:  43%|#########################2                                 | 4014/9375 [20:32<40:59,  2.18batch/s]
scoring burmese:  44%|#########################6                                 | 4080/9375 [21:04<41:03,  2.15batch/s]
scoring burmese:  44%|##########################                                 | 4145/9375 [21:36<41:10,  2.12batch/s]
scoring burmese:  45%|##########################4                                | 4209/9375 [22:07<41:15,  2.09batch/s]
scoring burmese:  46%|##########################8                                | 4272/9375 [22:39<41:09,  2.07batch/s]
scoring burmese:  46%|###########################2                               | 4334/9375 [23:10<41:12,  2.04batch/s]
scoring burmese:  47%|###########################6                               | 4396/9375 [23:42<41:11,  2.01batch/s]
scoring burmese:  48%|############################                               | 4457/9375 [24:14<41:18,  1.98batch/s]
scoring burmese:  48%|############################4                              | 4517/9375 [24:46<41:30,  1.95batch/s]
scoring burmese:  49%|############################7                              | 4576/9375 [25:17<41:35,  1.92batch/s]
scoring burmese:  49%|#############################1                             | 4634/9375 [25:49<41:32,  1.90batch/s]
scoring burmese:  50%|#############################5                             | 4692/9375 [26:20<41:31,  1.88batch/s]
scoring burmese:  51%|#############################8                             | 4749/9375 [26:52<41:24,  1.86batch/s]
scoring burmese:  51%|##############################2                            | 4805/9375 [27:23<41:14,  1.85batch/s]
scoring burmese:  52%|##############################5                            | 4861/9375 [27:54<41:16,  1.82batch/s]
scoring burmese:  52%|##############################9                            | 4916/9375 [28:26<41:23,  1.80batch/s]
scoring burmese:  53%|###############################2                           | 4970/9375 [28:57<41:18,  1.78batch/s]
scoring burmese:  54%|###############################6                           | 5024/9375 [29:29<41:09,  1.76batch/s]
scoring burmese:  54%|###############################9                           | 5077/9375 [30:00<41:09,  1.74batch/s]
scoring burmese:  55%|################################2                          | 5130/9375 [30:32<41:12,  1.72batch/s]
scoring burmese:  55%|################################6                          | 5182/9375 [31:03<41:16,  1.69batch/s]
scoring burmese:  56%|################################9                          | 5233/9375 [31:35<41:17,  1.67batch/s]
scoring burmese:  56%|#################################2                         | 5284/9375 [32:07<41:16,  1.65batch/s]
scoring burmese:  57%|#################################5                         | 5334/9375 [32:38<41:08,  1.64batch/s]
scoring burmese:  57%|#################################8                         | 5384/9375 [33:10<41:18,  1.61batch/s]
scoring burmese:  58%|##################################1                        | 5433/9375 [33:41<41:05,  1.60batch/s]
scoring burmese:  58%|##################################4                        | 5481/9375 [34:13<41:09,  1.58batch/s]
scoring burmese:  59%|##################################7                        | 5529/9375 [34:44<41:01,  1.56batch/s]
scoring burmese:  59%|###################################                        | 5576/9375 [35:15<40:46,  1.55batch/s]
scoring burmese:  60%|###################################3                       | 5623/9375 [35:46<40:41,  1.54batch/s]
scoring burmese:  60%|###################################6                       | 5670/9375 [36:18<40:44,  1.52batch/s]
scoring burmese:  61%|###################################9                       | 5716/9375 [36:49<40:30,  1.51batch/s]
scoring burmese:  61%|####################################2                      | 5762/9375 [37:21<40:25,  1.49batch/s]
scoring burmese:  62%|####################################5                      | 5807/9375 [37:52<40:19,  1.47batch/s]
scoring burmese:  62%|####################################8                      | 5852/9375 [38:24<40:17,  1.46batch/s]
scoring burmese:  63%|#####################################1                     | 5896/9375 [38:55<40:12,  1.44batch/s]
scoring burmese:  63%|#####################################3                     | 5940/9375 [39:27<40:05,  1.43batch/s]
scoring burmese:  64%|#####################################6                     | 5983/9375 [39:58<40:04,  1.41batch/s]
scoring burmese:  64%|#####################################9                     | 6026/9375 [40:30<40:06,  1.39batch/s]
scoring burmese:  65%|######################################1                    | 6068/9375 [41:01<39:59,  1.38batch/s]
scoring burmese:  65%|######################################4                    | 6110/9375 [41:33<39:58,  1.36batch/s]
scoring burmese:  66%|######################################7                    | 6151/9375 [42:04<39:55,  1.35batch/s]
scoring burmese:  66%|######################################9                    | 6192/9375 [42:36<39:44,  1.33batch/s]
scoring burmese:  66%|#######################################2                   | 6233/9375 [43:08<39:56,  1.31batch/s]
scoring burmese:  67%|#######################################4                   | 6273/9375 [43:40<40:00,  1.29batch/s]
scoring burmese:  67%|#######################################7                   | 6312/9375 [44:11<39:50,  1.28batch/s]
scoring burmese:  68%|#######################################9                   | 6351/9375 [44:43<39:51,  1.26batch/s]
scoring burmese:  68%|########################################2                  | 6389/9375 [45:15<39:50,  1.25batch/s]
scoring burmese:  69%|########################################4                  | 6427/9375 [45:46<39:46,  1.24batch/s]
scoring burmese:  69%|########################################6                  | 6465/9375 [46:17<39:25,  1.23batch/s]
scoring burmese:  69%|########################################9                  | 6502/9375 [46:49<39:23,  1.22batch/s]
scoring burmese:  70%|#########################################1                 | 6539/9375 [47:20<39:16,  1.20batch/s]
scoring burmese:  70%|#########################################3                 | 6576/9375 [47:52<39:01,  1.20batch/s]
scoring burmese:  71%|#########################################6                 | 6612/9375 [48:23<38:58,  1.18batch/s]
scoring burmese:  71%|#########################################8                 | 6648/9375 [48:55<38:59,  1.17batch/s]
scoring burmese:  71%|##########################################                 | 6683/9375 [49:26<38:48,  1.16batch/s]
scoring burmese:  72%|##########################################2                | 6718/9375 [49:58<38:51,  1.14batch/s]
scoring burmese:  72%|##########################################4                | 6753/9375 [50:29<38:39,  1.13batch/s]
scoring burmese:  72%|##########################################7                | 6787/9375 [51:00<38:27,  1.12batch/s]
scoring burmese:  73%|##########################################9                | 6821/9375 [51:31<38:16,  1.11batch/s]
scoring burmese:  73%|###########################################1               | 6855/9375 [52:03<38:12,  1.10batch/s]
scoring burmese:  73%|###########################################3               | 6888/9375 [52:34<38:02,  1.09batch/s]
scoring burmese:  74%|###########################################5               | 6921/9375 [53:05<37:44,  1.08batch/s]
scoring burmese:  74%|###########################################7               | 6954/9375 [53:36<37:40,  1.07batch/s]
scoring burmese:  75%|###########################################9               | 6987/9375 [54:08<37:34,  1.06batch/s]
scoring burmese:  75%|############################################1              | 7019/9375 [54:40<37:26,  1.05batch/s]
scoring burmese:  75%|############################################3              | 7051/9375 [55:11<37:09,  1.04batch/s]
scoring burmese:  76%|############################################5              | 7083/9375 [55:42<36:56,  1.03batch/s]
scoring burmese:  76%|############################################7              | 7115/9375 [56:13<36:25,  1.03batch/s]
scoring burmese:  76%|############################################9              | 7147/9375 [56:46<36:23,  1.02batch/s]
scoring burmese:  77%|#############################################1             | 7178/9375 [57:17<36:19,  1.01batch/s]
scoring burmese:  77%|#############################################3             | 7209/9375 [57:49<36:11,  1.00s/batch]
scoring burmese:  77%|#############################################5             | 7239/9375 [58:20<35:57,  1.01s/batch]
scoring burmese:  78%|#############################################7             | 7269/9375 [58:51<35:48,  1.02s/batch]
scoring burmese:  78%|#############################################9             | 7299/9375 [59:23<35:36,  1.03s/batch]
scoring burmese:  78%|##############################################1            | 7329/9375 [59:54<35:19,  1.04s/batch]
scoring burmese:  78%|############################################7            | 7358/9375 [1:00:25<34:52,  1.04s/batch]
scoring burmese:  79%|############################################9            | 7387/9375 [1:00:55<34:35,  1.04s/batch]
scoring burmese:  79%|#############################################            | 7416/9375 [1:01:27<34:23,  1.05s/batch]
scoring burmese:  79%|#############################################2           | 7445/9375 [1:01:58<34:11,  1.06s/batch]
scoring burmese:  80%|#############################################4           | 7474/9375 [1:02:30<34:00,  1.07s/batch]
scoring burmese:  80%|#############################################6           | 7502/9375 [1:03:00<33:31,  1.07s/batch]
scoring burmese:  80%|#############################################7           | 7530/9375 [1:03:31<33:24,  1.09s/batch]
