Loading weights:   0%|          | 0/138 [00:00<?, ?it/s]Loading weights: 100%|██████████| 138/138 [00:00<00:00, 2676.52it/s]
Rater: checkpoints/rater_7languages/finetuned/mean/educational_value/model | pooling=mean | labels=1 | device=cuda bf16=True
[burmese] already scored (300000 documents), skipping (use --force to redo)
[fil] already scored (300000 documents), skipping (use --force to redo)
scoring indo:   0%|                                                                         | 0/9375 [00:00<?, ?batch/s]
scoring indo:   5%|###1                                                           | 470/9375 [00:30<09:29, 15.64batch/s]
scoring indo:  10%|######3                                                        | 940/9375 [01:08<10:30, 13.38batch/s]
scoring indo:  14%|########9                                                     | 1348/9375 [01:48<11:15, 11.88batch/s]
scoring indo:  18%|###########3                                                  | 1711/9375 [02:26<11:43, 10.90batch/s]
scoring indo:  22%|#############5                                                | 2043/9375 [03:04<12:05, 10.10batch/s]
scoring indo:  25%|###############5                                              | 2349/9375 [03:43<12:29,  9.37batch/s]
scoring indo:  28%|#################4                                            | 2633/9375 [04:20<12:43,  8.83batch/s]
scoring indo:  31%|###################1                                          | 2900/9375 [04:57<12:56,  8.34batch/s]
scoring indo:  34%|####################8                                         | 3151/9375 [05:33<13:05,  7.92batch/s]
scoring indo:  36%|######################4                                       | 3389/9375 [06:08<13:08,  7.59batch/s]
scoring indo:  39%|#######################9                                      | 3617/9375 [06:42<13:09,  7.29batch/s]
scoring indo:  41%|#########################3                                    | 3836/9375 [07:17<13:10,  7.01batch/s]
scoring indo:  43%|##########################7                                   | 4046/9375 [07:51<13:10,  6.74batch/s]
scoring indo:  45%|############################                                  | 4248/9375 [08:25<13:08,  6.51batch/s]
scoring indo:  47%|#############################3                                | 4443/9375 [08:58<13:01,  6.31batch/s]
scoring indo:  49%|##############################6                               | 4632/9375 [09:32<12:54,  6.12batch/s]
scoring indo:  51%|###############################8                              | 4816/9375 [10:05<12:43,  5.97batch/s]
scoring indo:  53%|#################################                             | 4995/9375 [10:37<12:32,  5.82batch/s]
scoring indo:  55%|##################################1                           | 5170/9375 [11:10<12:21,  5.67batch/s]
scoring indo:  57%|###################################3                          | 5340/9375 [11:43<12:10,  5.53batch/s]
scoring indo:  59%|####################################4                         | 5506/9375 [12:15<11:54,  5.41batch/s]
scoring indo:  60%|#####################################4                        | 5669/9375 [12:48<11:39,  5.29batch/s]
scoring indo:  62%|######################################5                       | 5828/9375 [13:20<11:23,  5.19batch/s]
scoring indo:  64%|#######################################5                      | 5984/9375 [13:52<11:06,  5.09batch/s]
scoring indo:  65%|########################################5                     | 6137/9375 [14:25<10:51,  4.97batch/s]
scoring indo:  67%|#########################################5                    | 6287/9375 [14:57<10:32,  4.88batch/s]
scoring indo:  69%|##########################################5                   | 6434/9375 [15:31<10:22,  4.72batch/s]
scoring indo:  70%|###########################################4                  | 6576/9375 [16:03<10:06,  4.62batch/s]
scoring indo:  72%|############################################4                 | 6715/9375 [16:36<09:50,  4.51batch/s]
scoring indo:  73%|#############################################3                | 6851/9375 [17:08<09:32,  4.41batch/s]
scoring indo:  74%|##############################################1               | 6984/9375 [17:41<09:12,  4.32batch/s]
scoring indo:  76%|###############################################               | 7114/9375 [18:12<08:51,  4.25batch/s]
scoring indo:  77%|###############################################8              | 7242/9375 [18:45<08:35,  4.14batch/s]
scoring indo:  79%|################################################7             | 7367/9375 [19:18<08:15,  4.05batch/s]
scoring indo:  80%|#################################################5            | 7489/9375 [19:50<07:54,  3.98batch/s]
scoring indo:  81%|##################################################3           | 7609/9375 [20:22<07:32,  3.90batch/s]
scoring indo:  82%|###################################################           | 7726/9375 [20:54<07:09,  3.84batch/s]
scoring indo:  84%|###################################################8          | 7842/9375 [21:26<06:47,  3.76batch/s]
scoring indo:  85%|####################################################6         | 7955/9375 [21:59<06:26,  3.67batch/s]
scoring indo:  86%|#####################################################3        | 8066/9375 [22:31<06:04,  3.59batch/s]
scoring indo:  87%|######################################################        | 8174/9375 [23:03<05:40,  3.53batch/s]
scoring indo:  88%|######################################################7       | 8280/9375 [23:35<05:14,  3.48batch/s]
scoring indo:  89%|#######################################################4      | 8385/9375 [24:08<04:51,  3.40batch/s]
scoring indo:  91%|########################################################1     | 8487/9375 [24:40<04:27,  3.32batch/s]
scoring indo:  92%|########################################################7     | 8587/9375 [25:12<04:01,  3.26batch/s]
scoring indo:  93%|#########################################################4    | 8685/9375 [25:44<03:34,  3.22batch/s]
scoring indo:  94%|##########################################################    | 8782/9375 [26:16<03:07,  3.16batch/s]
scoring indo:  95%|##########################################################7   | 8877/9375 [26:47<02:39,  3.13batch/s]
scoring indo:  96%|###########################################################3  | 8971/9375 [27:19<02:12,  3.06batch/s]
scoring indo:  97%|###########################################################9  | 9063/9375 [27:50<01:43,  3.03batch/s]
scoring indo:  98%|############################################################5 | 9154/9375 [28:22<01:14,  2.97batch/s]
scoring indo:  99%|#############################################################1| 9244/9375 [28:54<00:44,  2.93batch/s]
scoring indo: 100%|#############################################################7| 9332/9375 [29:26<00:14,  2.87batch/s]
scoring indo: 100%|##############################################################| 9375/9375 [29:43<00:00,  5.26batch/s]
[indo] scored 300000 documents in 29.8 min (168.0 docs/s, 78,262 tokens/s): mean 1.89, sd 0.49, 5%/50%/95% = 1.06/1.89/2.73, above 5: 0.0%
scoring khmer:   0%|                                                                        | 0/9375 [00:00<?, ?batch/s]
scoring khmer:   2%|#2                                                            | 183/9375 [00:30<25:11,  6.08batch/s]
scoring khmer:   4%|##4                                                           | 366/9375 [01:02<25:52,  5.80batch/s]
scoring khmer:   6%|###5                                                          | 541/9375 [01:35<26:33,  5.54batch/s]
scoring khmer:   8%|####6                                                         | 708/9375 [02:09<27:14,  5.30batch/s]
scoring khmer:   9%|#####7                                                        | 868/9375 [02:43<27:53,  5.08batch/s]
scoring khmer:  11%|######6                                                      | 1021/9375 [03:17<28:30,  4.88batch/s]
scoring khmer:  12%|#######5                                                     | 1168/9375 [03:51<29:10,  4.69batch/s]
scoring khmer:  14%|########5                                                    | 1309/9375 [04:25<29:45,  4.52batch/s]
scoring khmer:  15%|#########4                                                   | 1445/9375 [05:00<30:24,  4.35batch/s]
scoring khmer:  17%|##########2                                                  | 1576/9375 [05:33<30:56,  4.20batch/s]
scoring khmer:  18%|###########                                                  | 1703/9375 [06:07<31:29,  4.06batch/s]
scoring khmer:  19%|###########8                                                 | 1825/9375 [06:41<31:59,  3.93batch/s]
scoring khmer:  21%|############6                                                | 1944/9375 [07:14<32:26,  3.82batch/s]
scoring khmer:  22%|#############3                                               | 2059/9375 [07:48<32:52,  3.71batch/s]
scoring khmer:  23%|##############1                                              | 2171/9375 [08:21<33:21,  3.60batch/s]
scoring khmer:  24%|##############8                                              | 2279/9375 [08:54<33:43,  3.51batch/s]
scoring khmer:  25%|###############5                                             | 2385/9375 [09:27<34:05,  3.42batch/s]
scoring khmer:  27%|################1                                            | 2488/9375 [10:00<34:27,  3.33batch/s]
scoring khmer:  28%|################8                                            | 2588/9375 [10:33<34:49,  3.25batch/s]
scoring khmer:  29%|#################4                                           | 2686/9375 [11:05<35:05,  3.18batch/s]
scoring khmer:  30%|##################1                                          | 2782/9375 [11:38<35:23,  3.11batch/s]
scoring khmer:  31%|##################7                                          | 2876/9375 [12:11<35:55,  3.01batch/s]
scoring khmer:  32%|###################3                                         | 2967/9375 [12:44<36:19,  2.94batch/s]
scoring khmer:  33%|###################8                                         | 3056/9375 [13:17<36:37,  2.88batch/s]
scoring khmer:  34%|####################4                                        | 3143/9375 [13:49<36:47,  2.82batch/s]
scoring khmer:  34%|#####################                                        | 3228/9375 [14:21<36:58,  2.77batch/s]
