Loading weights:   0%|          | 0/138 [00:00<?, ?it/s]Loading weights:  17%|█▋        | 23/138 [00:00<00:00, 202.54it/s]Loading weights:  32%|███▏      | 44/138 [00:00<00:00, 120.61it/s]Loading weights:  42%|████▏     | 58/138 [00:00<00:00, 80.88it/s] Loading weights:  49%|████▉     | 68/138 [00:00<00:01, 64.55it/s]Loading weights:  58%|█████▊    | 80/138 [00:01<00:00, 63.96it/s]Loading weights:  65%|██████▌   | 90/138 [00:01<00:00, 65.73it/s]Loading weights:  72%|███████▏  | 99/138 [00:01<00:00, 56.56it/s]Loading weights:  78%|███████▊  | 108/138 [00:01<00:00, 60.35it/s]Loading weights:  83%|████████▎ | 115/138 [00:01<00:00, 53.20it/s]Loading weights:  93%|█████████▎| 128/138 [00:01<00:00, 66.13it/s]Loading weights: 100%|██████████| 138/138 [00:01<00:00, 74.85it/s]
Rater: checkpoints/rater_7languages/finetuned/mean/cultural_nuances/model | pooling=mean | labels=1 | device=cuda bf16=True
scoring burmese:   0%|                                                                      | 0/9375 [00:00<?, ?batch/s]
scoring burmese:   2%|#3                                                          | 206/9375 [00:30<22:16,  6.86batch/s]
scoring burmese:   4%|##6                                                         | 412/9375 [01:03<23:17,  6.42batch/s]
scoring burmese:   6%|###8                                                        | 606/9375 [01:39<24:41,  5.92batch/s]
scoring burmese:   8%|#####                                                       | 785/9375 [02:15<25:51,  5.54batch/s]
scoring burmese:  10%|######                                                      | 953/9375 [02:51<26:57,  5.21batch/s]
scoring burmese:  12%|######9                                                    | 1111/9375 [03:28<28:04,  4.91batch/s]
scoring burmese:  13%|#######9                                                   | 1260/9375 [04:03<29:01,  4.66batch/s]
scoring burmese:  15%|########8                                                  | 1401/9375 [04:39<29:52,  4.45batch/s]
scoring burmese:  16%|#########6                                                 | 1535/9375 [05:14<30:41,  4.26batch/s]
scoring burmese:  18%|##########4                                                | 1663/9375 [05:48<31:25,  4.09batch/s]
scoring burmese:  19%|###########2                                               | 1786/9375 [06:22<32:06,  3.94batch/s]
scoring burmese:  20%|###########9                                               | 1905/9375 [06:57<32:49,  3.79batch/s]
scoring burmese:  22%|############7                                              | 2019/9375 [07:31<33:30,  3.66batch/s]
scoring burmese:  23%|#############3                                             | 2129/9375 [08:05<34:06,  3.54batch/s]
scoring burmese:  24%|##############                                             | 2236/9375 [08:39<34:42,  3.43batch/s]
scoring burmese:  25%|##############7                                            | 2339/9375 [09:12<35:22,  3.32batch/s]
scoring burmese:  26%|###############3                                           | 2439/9375 [09:46<36:00,  3.21batch/s]
scoring burmese:  27%|###############9                                           | 2536/9375 [10:20<36:36,  3.11batch/s]
scoring burmese:  28%|################5                                          | 2630/9375 [10:53<37:15,  3.02batch/s]
scoring burmese:  29%|#################1                                         | 2721/9375 [11:27<37:54,  2.93batch/s]
scoring burmese:  30%|#################6                                         | 2809/9375 [12:00<38:31,  2.84batch/s]
scoring burmese:  31%|##################2                                        | 2895/9375 [12:33<38:51,  2.78batch/s]
scoring burmese:  32%|##################7                                        | 2979/9375 [13:05<39:11,  2.72batch/s]
scoring burmese:  33%|###################2                                       | 3061/9375 [13:38<39:33,  2.66batch/s]
scoring burmese:  34%|###################7                                       | 3141/9375 [14:10<39:51,  2.61batch/s]
scoring burmese:  34%|####################2                                      | 3220/9375 [14:42<40:00,  2.56batch/s]
scoring burmese:  35%|####################7                                      | 3297/9375 [15:14<40:16,  2.52batch/s]
scoring burmese:  36%|#####################2                                     | 3373/9375 [15:47<40:27,  2.47batch/s]
scoring burmese:  37%|#####################6                                     | 3448/9375 [16:19<40:55,  2.41batch/s]
scoring burmese:  38%|######################1                                    | 3521/9375 [16:52<41:06,  2.37batch/s]
scoring burmese:  38%|######################6                                    | 3593/9375 [17:23<41:06,  2.34batch/s]
scoring burmese:  39%|#######################                                    | 3664/9375 [17:54<40:58,  2.32batch/s]
scoring burmese:  40%|#######################4                                   | 3734/9375 [18:26<40:54,  2.30batch/s]
scoring burmese:  41%|#######################9                                   | 3803/9375 [18:57<40:58,  2.27batch/s]
scoring burmese:  41%|########################3                                  | 3871/9375 [19:28<40:56,  2.24batch/s]
scoring burmese:  42%|########################7                                  | 3939/9375 [20:00<41:02,  2.21batch/s]
scoring burmese:  43%|#########################2                                 | 4006/9375 [20:32<41:10,  2.17batch/s]
scoring burmese:  43%|#########################6                                 | 4072/9375 [21:04<41:14,  2.14batch/s]
scoring burmese:  44%|##########################                                 | 4137/9375 [21:36<41:14,  2.12batch/s]
scoring burmese:  45%|##########################4                                | 4201/9375 [22:07<41:12,  2.09batch/s]
scoring burmese:  45%|##########################8                                | 4264/9375 [22:39<41:19,  2.06batch/s]
scoring burmese:  46%|###########################2                               | 4326/9375 [23:11<41:29,  2.03batch/s]
scoring burmese:  47%|###########################6                               | 4387/9375 [23:42<41:32,  2.00batch/s]
scoring burmese:  47%|###########################9                               | 4448/9375 [24:14<41:46,  1.97batch/s]
scoring burmese:  48%|############################3                              | 4507/9375 [24:46<41:54,  1.94batch/s]
scoring burmese:  49%|############################7                              | 4566/9375 [25:18<41:55,  1.91batch/s]
scoring burmese:  49%|#############################1                             | 4624/9375 [25:49<41:54,  1.89batch/s]
scoring burmese:  50%|#############################4                             | 4681/9375 [26:21<41:56,  1.87batch/s]
scoring burmese:  51%|#############################8                             | 4737/9375 [26:52<41:52,  1.85batch/s]
scoring burmese:  51%|##############################1                            | 4793/9375 [27:24<41:51,  1.82batch/s]
scoring burmese:  52%|##############################5                            | 4848/9375 [27:55<41:47,  1.81batch/s]
scoring burmese:  52%|##############################8                            | 4903/9375 [28:27<41:45,  1.79batch/s]
scoring burmese:  53%|###############################1                           | 4957/9375 [28:58<41:41,  1.77batch/s]
scoring burmese:  53%|###############################5                           | 5010/9375 [29:29<41:35,  1.75batch/s]
scoring burmese:  54%|###############################8                           | 5063/9375 [30:01<41:36,  1.73batch/s]
scoring burmese:  55%|################################1                          | 5115/9375 [30:32<41:38,  1.71batch/s]
scoring burmese:  55%|################################5                          | 5167/9375 [31:04<41:41,  1.68batch/s]
scoring burmese:  56%|################################8                          | 5218/9375 [31:36<41:52,  1.65batch/s]
scoring burmese:  56%|#################################1                         | 5268/9375 [32:07<41:50,  1.64batch/s]
scoring burmese:  57%|#################################4                         | 5318/9375 [32:39<41:52,  1.61batch/s]
scoring burmese:  57%|#################################7                         | 5367/9375 [33:11<41:51,  1.60batch/s]
scoring burmese:  58%|##################################                         | 5415/9375 [33:42<41:53,  1.58batch/s]
scoring burmese:  58%|##################################3                        | 5463/9375 [34:14<41:55,  1.55batch/s]
scoring burmese:  59%|##################################6                        | 5510/9375 [34:45<41:40,  1.55batch/s]
scoring burmese:  59%|##################################9                        | 5557/9375 [35:16<41:30,  1.53batch/s]
scoring burmese:  60%|###################################2                       | 5603/9375 [35:47<41:24,  1.52batch/s]
scoring burmese:  60%|###################################5                       | 5649/9375 [36:19<41:24,  1.50batch/s]
scoring burmese:  61%|###################################8                       | 5694/9375 [36:50<41:12,  1.49batch/s]
scoring burmese:  61%|####################################1                      | 5739/9375 [37:20<40:56,  1.48batch/s]
scoring burmese:  62%|####################################4                      | 5784/9375 [37:52<41:00,  1.46batch/s]
scoring burmese:  62%|####################################6                      | 5828/9375 [38:24<41:05,  1.44batch/s]
scoring burmese:  63%|####################################9                      | 5872/9375 [38:55<40:47,  1.43batch/s]
scoring burmese:  63%|#####################################2                     | 5915/9375 [39:26<40:44,  1.42batch/s]
scoring burmese:  64%|#####################################4                     | 5958/9375 [39:58<40:42,  1.40batch/s]
scoring burmese:  64%|#####################################7                     | 6000/9375 [40:29<40:40,  1.38batch/s]
scoring burmese:  64%|######################################                     | 6042/9375 [41:01<40:49,  1.36batch/s]
scoring burmese:  65%|######################################2                    | 6083/9375 [41:32<40:29,  1.36batch/s]
scoring burmese:  65%|######################################5                    | 6124/9375 [42:03<40:24,  1.34batch/s]
scoring burmese:  66%|######################################7                    | 6165/9375 [42:35<40:17,  1.33batch/s]
scoring burmese:  66%|#######################################                    | 6205/9375 [43:06<40:12,  1.31batch/s]
scoring burmese:  67%|#######################################3                   | 6245/9375 [43:38<40:19,  1.29batch/s]
scoring burmese:  67%|#######################################5                   | 6284/9375 [44:09<40:05,  1.28batch/s]
scoring burmese:  67%|#######################################7                   | 6323/9375 [44:40<40:00,  1.27batch/s]
scoring burmese:  68%|########################################                   | 6362/9375 [45:12<40:06,  1.25batch/s]
scoring burmese:  68%|########################################2                  | 6400/9375 [45:44<40:09,  1.23batch/s]
scoring burmese:  69%|########################################5                  | 6438/9375 [46:16<39:58,  1.22batch/s]
scoring burmese:  69%|########################################7                  | 6475/9375 [46:47<39:38,  1.22batch/s]
scoring burmese:  69%|########################################9                  | 6512/9375 [47:18<39:41,  1.20batch/s]
scoring burmese:  70%|#########################################2                 | 6549/9375 [47:50<39:26,  1.19batch/s]
scoring burmese:  70%|#########################################4                 | 6585/9375 [48:21<39:08,  1.19batch/s]
scoring burmese:  71%|#########################################6                 | 6621/9375 [48:52<39:10,  1.17batch/s]
scoring burmese:  71%|#########################################8                 | 6657/9375 [49:24<39:09,  1.16batch/s]
scoring burmese:  71%|##########################################1                | 6692/9375 [49:56<39:07,  1.14batch/s]
scoring burmese:  72%|##########################################3                | 6727/9375 [50:27<38:52,  1.14batch/s]
scoring burmese:  72%|##########################################5                | 6762/9375 [50:59<38:45,  1.12batch/s]
scoring burmese:  72%|##########################################7                | 6796/9375 [51:30<38:20,  1.12batch/s]
scoring burmese:  73%|##########################################9                | 6830/9375 [52:01<38:17,  1.11batch/s]
scoring burmese:  73%|###########################################1               | 6864/9375 [52:33<38:07,  1.10batch/s]
scoring burmese:  74%|###########################################4               | 6897/9375 [53:04<38:01,  1.09batch/s]
scoring burmese:  74%|###########################################6               | 6930/9375 [53:35<37:51,  1.08batch/s]
scoring burmese:  74%|###########################################8               | 6963/9375 [54:07<37:50,  1.06batch/s]
scoring burmese:  75%|############################################               | 6995/9375 [54:38<37:37,  1.05batch/s]
scoring burmese:  75%|############################################2              | 7027/9375 [55:09<37:20,  1.05batch/s]
scoring burmese:  75%|############################################4              | 7059/9375 [55:41<37:20,  1.03batch/s]
scoring burmese:  76%|############################################6              | 7091/9375 [56:12<36:43,  1.04batch/s]
scoring burmese:  76%|############################################8              | 7123/9375 [56:43<36:21,  1.03batch/s]
scoring burmese:  76%|#############################################              | 7154/9375 [57:15<36:22,  1.02batch/s]
scoring burmese:  77%|#############################################2             | 7185/9375 [57:46<36:14,  1.01batch/s]
scoring burmese:  77%|#############################################4             | 7216/9375 [58:19<36:16,  1.01s/batch]
scoring burmese:  77%|#############################################6             | 7246/9375 [58:49<35:43,  1.01s/batch]
scoring burmese:  78%|#############################################7             | 7276/9375 [59:21<35:50,  1.02s/batch]
scoring burmese:  78%|#############################################9             | 7306/9375 [59:52<35:36,  1.03s/batch]
scoring burmese:  78%|############################################6            | 7336/9375 [1:00:24<35:16,  1.04s/batch]
scoring burmese:  79%|############################################7            | 7365/9375 [1:00:55<35:00,  1.05s/batch]
scoring burmese:  79%|############################################9            | 7394/9375 [1:01:26<34:45,  1.05s/batch]
scoring burmese:  79%|#############################################1           | 7423/9375 [1:01:57<34:22,  1.06s/batch]
scoring burmese:  79%|#############################################3           | 7452/9375 [1:02:29<34:18,  1.07s/batch]
scoring burmese:  80%|#############################################4           | 7481/9375 [1:03:00<34:02,  1.08s/batch]
scoring burmese:  80%|#############################################6           | 7509/9375 [1:03:31<33:36,  1.08s/batch]
