Loading weights:   0%|          | 0/138 [00:00<?, ?it/s]Loading weights:  17%|█▋        | 24/138 [00:00<00:00, 179.23it/s]Loading weights:  45%|████▍     | 62/138 [00:00<00:00, 262.25it/s]Loading weights:  64%|██████▍   | 89/138 [00:00<00:00, 145.98it/s]Loading weights:  78%|███████▊  | 108/138 [00:00<00:00, 96.27it/s]Loading weights:  88%|████████▊ | 122/138 [00:01<00:00, 96.94it/s]Loading weights:  98%|█████████▊| 135/138 [00:01<00:00, 101.11it/s]Loading weights: 100%|██████████| 138/138 [00:01<00:00, 118.73it/s]
Rater: checkpoints/rater_7languages/finetuned/mean/professionalism/model | pooling=mean | labels=1 | device=cuda bf16=True
scoring burmese:   0%|                                                                      | 0/9375 [00:00<?, ?batch/s]
scoring burmese:   2%|#3                                                          | 206/9375 [00:30<22:16,  6.86batch/s]
scoring burmese:   4%|##6                                                         | 412/9375 [01:03<23:19,  6.41batch/s]
scoring burmese:   6%|###8                                                        | 605/9375 [01:39<24:39,  5.93batch/s]
scoring burmese:   8%|#####                                                       | 784/9375 [02:15<25:50,  5.54batch/s]
scoring burmese:  10%|######                                                      | 952/9375 [02:51<26:55,  5.22batch/s]
scoring burmese:  12%|######9                                                    | 1110/9375 [03:27<27:59,  4.92batch/s]
scoring burmese:  13%|#######9                                                   | 1259/9375 [04:03<28:56,  4.67batch/s]
scoring burmese:  15%|########8                                                  | 1400/9375 [04:38<29:51,  4.45batch/s]
scoring burmese:  16%|#########6                                                 | 1534/9375 [05:13<30:40,  4.26batch/s]
scoring burmese:  18%|##########4                                                | 1662/9375 [05:48<31:26,  4.09batch/s]
scoring burmese:  19%|###########2                                               | 1785/9375 [06:22<32:08,  3.94batch/s]
scoring burmese:  20%|###########9                                               | 1904/9375 [06:57<32:52,  3.79batch/s]
scoring burmese:  22%|############6                                              | 2018/9375 [07:31<33:32,  3.66batch/s]
scoring burmese:  23%|#############3                                             | 2128/9375 [08:05<34:09,  3.54batch/s]
scoring burmese:  24%|##############                                             | 2234/9375 [08:38<34:47,  3.42batch/s]
scoring burmese:  25%|##############7                                            | 2337/9375 [09:12<35:28,  3.31batch/s]
scoring burmese:  26%|###############3                                           | 2437/9375 [09:46<36:04,  3.21batch/s]
scoring burmese:  27%|###############9                                           | 2534/9375 [10:20<36:42,  3.11batch/s]
scoring burmese:  28%|################5                                          | 2628/9375 [10:54<37:26,  3.00batch/s]
scoring burmese:  29%|#################1                                         | 2719/9375 [11:27<38:01,  2.92batch/s]
scoring burmese:  30%|#################6                                         | 2807/9375 [12:00<38:37,  2.83batch/s]
scoring burmese:  31%|##################2                                        | 2892/9375 [12:33<39:01,  2.77batch/s]
scoring burmese:  32%|##################7                                        | 2975/9375 [13:06<39:26,  2.70batch/s]
scoring burmese:  33%|###################2                                       | 3057/9375 [13:38<39:49,  2.64batch/s]
scoring burmese:  33%|###################7                                       | 3137/9375 [14:11<40:01,  2.60batch/s]
scoring burmese:  34%|####################2                                      | 3215/9375 [14:42<40:15,  2.55batch/s]
scoring burmese:  35%|####################7                                      | 3292/9375 [15:15<40:31,  2.50batch/s]
scoring burmese:  36%|#####################1                                     | 3367/9375 [15:47<40:43,  2.46batch/s]
scoring burmese:  37%|#####################6                                     | 3441/9375 [16:19<41:04,  2.41batch/s]
scoring burmese:  37%|######################1                                    | 3514/9375 [16:51<41:13,  2.37batch/s]
scoring burmese:  38%|######################5                                    | 3586/9375 [17:23<41:12,  2.34batch/s]
scoring burmese:  39%|#######################                                    | 3657/9375 [17:54<41:03,  2.32batch/s]
scoring burmese:  40%|#######################4                                   | 3727/9375 [18:25<40:59,  2.30batch/s]
scoring burmese:  40%|#######################8                                   | 3796/9375 [18:56<40:56,  2.27batch/s]
scoring burmese:  41%|########################3                                  | 3865/9375 [19:28<40:58,  2.24batch/s]
scoring burmese:  42%|########################7                                  | 3933/9375 [20:00<41:01,  2.21batch/s]
scoring burmese:  43%|#########################1                                 | 4000/9375 [20:32<41:06,  2.18batch/s]
scoring burmese:  43%|#########################5                                 | 4066/9375 [21:03<41:06,  2.15batch/s]
scoring burmese:  44%|#########################9                                 | 4131/9375 [21:35<41:12,  2.12batch/s]
scoring burmese:  45%|##########################4                                | 4195/9375 [22:06<41:10,  2.10batch/s]
scoring burmese:  45%|##########################7                                | 4258/9375 [22:38<41:09,  2.07batch/s]
scoring burmese:  46%|###########################1                               | 4321/9375 [23:10<41:21,  2.04batch/s]
scoring burmese:  47%|###########################5                               | 4383/9375 [23:42<41:22,  2.01batch/s]
scoring burmese:  47%|###########################9                               | 4444/9375 [24:14<41:32,  1.98batch/s]
scoring burmese:  48%|############################3                              | 4504/9375 [24:46<41:43,  1.95batch/s]
scoring burmese:  49%|############################7                              | 4563/9375 [25:18<41:49,  1.92batch/s]
scoring burmese:  49%|#############################                              | 4621/9375 [25:49<41:48,  1.89batch/s]
scoring burmese:  50%|#############################4                             | 4678/9375 [26:20<41:42,  1.88batch/s]
scoring burmese:  51%|#############################7                             | 4735/9375 [26:52<41:41,  1.85batch/s]
scoring burmese:  51%|##############################1                            | 4791/9375 [27:23<41:40,  1.83batch/s]
scoring burmese:  52%|##############################4                            | 4846/9375 [27:55<41:43,  1.81batch/s]
scoring burmese:  52%|##############################8                            | 4901/9375 [28:26<41:45,  1.79batch/s]
scoring burmese:  53%|###############################1                           | 4955/9375 [28:58<41:38,  1.77batch/s]
scoring burmese:  53%|###############################5                           | 5009/9375 [29:29<41:34,  1.75batch/s]
scoring burmese:  54%|###############################8                           | 5062/9375 [30:01<41:30,  1.73batch/s]
scoring burmese:  55%|################################1                          | 5114/9375 [30:32<41:38,  1.71batch/s]
scoring burmese:  55%|################################5                          | 5166/9375 [31:04<41:42,  1.68batch/s]
scoring burmese:  56%|################################8                          | 5217/9375 [31:36<41:51,  1.66batch/s]
scoring burmese:  56%|#################################1                         | 5267/9375 [32:07<41:40,  1.64batch/s]
scoring burmese:  57%|#################################4                         | 5317/9375 [32:39<41:36,  1.63batch/s]
scoring burmese:  57%|#################################7                         | 5366/9375 [33:10<41:37,  1.60batch/s]
scoring burmese:  58%|##################################                         | 5415/9375 [33:42<41:27,  1.59batch/s]
scoring burmese:  58%|##################################3                        | 5463/9375 [34:13<41:32,  1.57batch/s]
scoring burmese:  59%|##################################6                        | 5511/9375 [34:45<41:20,  1.56batch/s]
scoring burmese:  59%|##################################9                        | 5558/9375 [35:16<41:09,  1.55batch/s]
scoring burmese:  60%|###################################2                       | 5605/9375 [35:47<41:09,  1.53batch/s]
scoring burmese:  60%|###################################5                       | 5651/9375 [36:19<41:12,  1.51batch/s]
scoring burmese:  61%|###################################8                       | 5697/9375 [36:50<41:06,  1.49batch/s]
scoring burmese:  61%|####################################1                      | 5742/9375 [37:21<40:48,  1.48batch/s]
scoring burmese:  62%|####################################4                      | 5787/9375 [37:53<40:47,  1.47batch/s]
scoring burmese:  62%|####################################6                      | 5831/9375 [38:24<40:37,  1.45batch/s]
scoring burmese:  63%|####################################9                      | 5875/9375 [38:55<40:27,  1.44batch/s]
scoring burmese:  63%|#####################################2                     | 5919/9375 [39:26<40:20,  1.43batch/s]
scoring burmese:  64%|#####################################5                     | 5962/9375 [39:57<40:16,  1.41batch/s]
scoring burmese:  64%|#####################################7                     | 6005/9375 [40:29<40:06,  1.40batch/s]
scoring burmese:  65%|######################################                     | 6048/9375 [41:01<40:17,  1.38batch/s]
scoring burmese:  65%|######################################3                    | 6090/9375 [41:33<40:05,  1.37batch/s]
scoring burmese:  65%|######################################5                    | 6131/9375 [42:04<40:02,  1.35batch/s]
scoring burmese:  66%|######################################8                    | 6172/9375 [42:35<39:59,  1.33batch/s]
scoring burmese:  66%|#######################################1                   | 6213/9375 [43:07<39:53,  1.32batch/s]
scoring burmese:  67%|#######################################3                   | 6253/9375 [43:40<40:13,  1.29batch/s]
scoring burmese:  67%|#######################################5                   | 6292/9375 [44:10<39:52,  1.29batch/s]
scoring burmese:  68%|#######################################8                   | 6331/9375 [44:42<39:49,  1.27batch/s]
scoring burmese:  68%|########################################                   | 6370/9375 [45:14<39:49,  1.26batch/s]
scoring burmese:  68%|########################################3                  | 6408/9375 [45:45<39:52,  1.24batch/s]
scoring burmese:  69%|########################################5                  | 6446/9375 [46:17<39:45,  1.23batch/s]
scoring burmese:  69%|########################################7                  | 6483/9375 [46:48<39:33,  1.22batch/s]
scoring burmese:  70%|#########################################                  | 6520/9375 [47:19<39:24,  1.21batch/s]
scoring burmese:  70%|#########################################2                 | 6557/9375 [47:51<39:18,  1.19batch/s]
scoring burmese:  70%|#########################################4                 | 6593/9375 [48:22<39:05,  1.19batch/s]
scoring burmese:  71%|#########################################7                 | 6629/9375 [48:54<39:06,  1.17batch/s]
scoring burmese:  71%|#########################################9                 | 6665/9375 [49:26<39:09,  1.15batch/s]
scoring burmese:  71%|##########################################1                | 6700/9375 [49:57<38:50,  1.15batch/s]
scoring burmese:  72%|##########################################3                | 6735/9375 [50:28<38:36,  1.14batch/s]
scoring burmese:  72%|##########################################6                | 6770/9375 [51:00<38:30,  1.13batch/s]
scoring burmese:  73%|##########################################8                | 6804/9375 [51:30<38:09,  1.12batch/s]
scoring burmese:  73%|###########################################                | 6838/9375 [52:02<38:07,  1.11batch/s]
scoring burmese:  73%|###########################################2               | 6872/9375 [52:34<37:59,  1.10batch/s]
scoring burmese:  74%|###########################################4               | 6905/9375 [53:05<37:48,  1.09batch/s]
scoring burmese:  74%|###########################################6               | 6938/9375 [53:36<37:50,  1.07batch/s]
scoring burmese:  74%|###########################################8               | 6971/9375 [54:08<37:42,  1.06batch/s]
scoring burmese:  75%|############################################               | 7003/9375 [54:39<37:32,  1.05batch/s]
scoring burmese:  75%|############################################2              | 7035/9375 [55:10<37:16,  1.05batch/s]
scoring burmese:  75%|############################################4              | 7067/9375 [55:42<37:16,  1.03batch/s]
scoring burmese:  76%|############################################6              | 7099/9375 [56:13<36:37,  1.04batch/s]
scoring burmese:  76%|############################################8              | 7131/9375 [56:45<36:35,  1.02batch/s]
scoring burmese:  76%|#############################################              | 7162/9375 [57:17<36:25,  1.01batch/s]
scoring burmese:  77%|#############################################2             | 7193/9375 [57:48<36:17,  1.00batch/s]
scoring burmese:  77%|#############################################4             | 7224/9375 [58:20<36:07,  1.01s/batch]
scoring burmese:  77%|#############################################6             | 7254/9375 [58:51<35:52,  1.01s/batch]
scoring burmese:  78%|#############################################8             | 7284/9375 [59:23<35:44,  1.03s/batch]
scoring burmese:  78%|##############################################             | 7314/9375 [59:55<35:35,  1.04s/batch]
scoring burmese:  78%|############################################6            | 7343/9375 [1:00:25<35:14,  1.04s/batch]
scoring burmese:  79%|############################################8            | 7372/9375 [1:00:56<34:48,  1.04s/batch]
scoring burmese:  79%|############################################9            | 7401/9375 [1:01:27<34:38,  1.05s/batch]
scoring burmese:  79%|#############################################1           | 7430/9375 [1:01:58<34:20,  1.06s/batch]
scoring burmese:  80%|#############################################3           | 7459/9375 [1:02:30<34:12,  1.07s/batch]
scoring burmese:  80%|#############################################5           | 7488/9375 [1:03:01<33:47,  1.07s/batch]
scoring burmese:  80%|#############################################6           | 7516/9375 [1:03:32<33:33,  1.08s/batch]
